Archive member included to satisfy reference by file (symbol)

/opt/riscv32/lib/gcc/riscv32-unknown-elf/14.2.0/libgcc.a(_clzsi2.o)
                              ./output/./FreeRTOS/FreeRTOS/Source/tasks.o (__clzsi2)
/opt/riscv32/lib/gcc/riscv32-unknown-elf/14.2.0/libgcc.a(_clz.o)
                              /opt/riscv32/lib/gcc/riscv32-unknown-elf/14.2.0/libgcc.a(_clzsi2.o) (__clz_tab)
/opt/riscv32/lib/gcc/riscv32-unknown-elf/14.2.0/../../../../riscv32-unknown-elf/lib/libc.a(libc_a-memcmp.o)
                              ./output/./FreeRTOS/FreeRTOS/Demo/Common/Minimal/MessageBufferDemo.o (memcmp)
/opt/riscv32/lib/gcc/riscv32-unknown-elf/14.2.0/../../../../riscv32-unknown-elf/lib/libc.a(libc_a-memset.o)
                              ./output/./FreeRTOS/FreeRTOS/Source/tasks.o (memset)
/opt/riscv32/lib/gcc/riscv32-unknown-elf/14.2.0/../../../../riscv32-unknown-elf/lib/libc.a(libc_a-memcpy.o)
                              ./output/./FreeRTOS/FreeRTOS/Source/queue.o (memcpy)
/opt/riscv32/lib/gcc/riscv32-unknown-elf/14.2.0/../../../../riscv32-unknown-elf/lib/libc.a(libc_a-strlen.o)
                              ./output/./FreeRTOS/FreeRTOS/Source/tasks.o (strlen)
/opt/riscv32/lib/gcc/riscv32-unknown-elf/14.2.0/../../../../riscv32-unknown-elf/lib/libc.a(libc_a-strcmp.o)
                              ./output/./FreeRTOS/FreeRTOS/Demo/Common/Minimal/MessageBufferAMP.o (strcmp)

Discarded input sections

 .group         0x00000000        0xc ./output/./FreeRTOS/FreeRTOS/Source/tasks.o
 .group         0x00000000        0xc ./output/./FreeRTOS/FreeRTOS/Source/tasks.o
 .group         0x00000000        0xc ./output/./FreeRTOS/FreeRTOS/Source/tasks.o
 .group         0x00000000        0xc ./output/./FreeRTOS/FreeRTOS/Source/tasks.o
 .group         0x00000000        0xc ./output/./FreeRTOS/FreeRTOS/Source/tasks.o
 .group         0x00000000        0xc ./output/./FreeRTOS/FreeRTOS/Source/tasks.o
 .group         0x00000000        0xc ./output/./FreeRTOS/FreeRTOS/Source/tasks.o
 .group         0x00000000        0xc ./output/./FreeRTOS/FreeRTOS/Source/tasks.o
 .group         0x00000000        0xc ./output/./FreeRTOS/FreeRTOS/Source/tasks.o
 .group         0x00000000        0xc ./output/./FreeRTOS/FreeRTOS/Source/tasks.o
 .group         0x00000000        0xc ./output/./FreeRTOS/FreeRTOS/Source/tasks.o
 .group         0x00000000        0xc ./output/./FreeRTOS/FreeRTOS/Source/tasks.o
 .group         0x00000000        0xc ./output/./FreeRTOS/FreeRTOS/Source/tasks.o
 .group         0x00000000        0xc ./output/./FreeRTOS/FreeRTOS/Source/tasks.o
 .group         0x00000000        0xc ./output/./FreeRTOS/FreeRTOS/Source/tasks.o
 .group         0x00000000        0xc ./output/./FreeRTOS/FreeRTOS/Source/tasks.o
 .group         0x00000000        0xc ./output/./FreeRTOS/FreeRTOS/Source/tasks.o
 .group         0x00000000        0xc ./output/./FreeRTOS/FreeRTOS/Source/tasks.o
 .group         0x00000000        0xc ./output/./FreeRTOS/FreeRTOS/Source/tasks.o
 .group         0x00000000        0xc ./output/./FreeRTOS/FreeRTOS/Source/tasks.o
 .group         0x00000000        0xc ./output/./FreeRTOS/FreeRTOS/Source/tasks.o
 .group         0x00000000        0xc ./output/./FreeRTOS/FreeRTOS/Source/tasks.o
 .group         0x00000000        0xc ./output/./FreeRTOS/FreeRTOS/Source/tasks.o
 .group         0x00000000        0xc ./output/./FreeRTOS/FreeRTOS/Source/tasks.o
 .group         0x00000000        0xc ./output/./FreeRTOS/FreeRTOS/Source/tasks.o
 .group         0x00000000        0xc ./output/./FreeRTOS/FreeRTOS/Source/tasks.o
 .group         0x00000000        0xc ./output/./FreeRTOS/FreeRTOS/Source/tasks.o
 .group         0x00000000        0xc ./output/./FreeRTOS/FreeRTOS/Source/tasks.o
 .group         0x00000000        0xc ./output/./FreeRTOS/FreeRTOS/Source/tasks.o
 .group         0x00000000        0xc ./output/./FreeRTOS/FreeRTOS/Source/tasks.o
 .group         0x00000000        0xc ./output/./FreeRTOS/FreeRTOS/Source/tasks.o
 .group         0x00000000        0xc ./output/./FreeRTOS/FreeRTOS/Source/tasks.o
 .group         0x00000000        0xc ./output/./FreeRTOS/FreeRTOS/Source/tasks.o
 .group         0x00000000        0xc ./output/./FreeRTOS/FreeRTOS/Source/tasks.o
 .group         0x00000000        0xc ./output/./FreeRTOS/FreeRTOS/Source/tasks.o
 .group         0x00000000        0xc ./output/./FreeRTOS/FreeRTOS/Source/tasks.o
 .group         0x00000000        0xc ./output/./FreeRTOS/FreeRTOS/Source/tasks.o
 .group         0x00000000        0xc ./output/./FreeRTOS/FreeRTOS/Source/tasks.o
 .group         0x00000000        0xc ./output/./FreeRTOS/FreeRTOS/Source/tasks.o
 .group         0x00000000        0xc ./output/./FreeRTOS/FreeRTOS/Source/tasks.o
 .group         0x00000000        0xc ./output/./FreeRTOS/FreeRTOS/Source/tasks.o
 .group         0x00000000        0xc ./output/./FreeRTOS/FreeRTOS/Source/tasks.o
 .text          0x00000000        0x0 ./output/./FreeRTOS/FreeRTOS/Source/tasks.o
[...]
Memory Configuration

Name             Origin             Length             Attributes
rom              0x80000000         0x00080000         axr
ram              0x80080000         0x00100000         axw
*default*        0x00000000         0xffffffff

Linker script and memory map

LOAD ./output/./FreeRTOS/FreeRTOS/Source/tasks.o
LOAD ./output/./FreeRTOS/FreeRTOS/Source/list.o
LOAD ./output/./FreeRTOS/FreeRTOS/Source/queue.o
LOAD ./output/./FreeRTOS/FreeRTOS/Source/timers.o
LOAD ./output/./FreeRTOS/FreeRTOS/Source/event_groups.o
LOAD ./output/./FreeRTOS/FreeRTOS/Source/stream_buffer.o
LOAD ./output/./FreeRTOS/FreeRTOS/Source/portable/MemMang/heap_4.o
LOAD ./output/./FreeRTOS/FreeRTOS/Source/portable/GCC/RISC-V/port.o
LOAD ./output/./src/main.o
LOAD ./output/./src/ns16550.o
LOAD ./output/./src/uart.o
LOAD ./output/./src/riscv-virt.o
LOAD ./output/./src/main_tasks.o
LOAD ./output/./src/main_isr.o
LOAD ./output/./src/main_mutex.o
LOAD ./output/./src/printf-stdarg.o
LOAD ./output/./src/main_blinky.o
LOAD ./output/./src/main_full.o
LOAD ./output/./FreeRTOS/FreeRTOS/Demo/Common/Minimal/AbortDelay.o
LOAD ./output/./FreeRTOS/FreeRTOS/Demo/Common/Minimal/BlockQ.o
LOAD ./output/./FreeRTOS/FreeRTOS/Demo/Common/Minimal/blocktim.o
LOAD ./output/./FreeRTOS/FreeRTOS/Demo/Common/Minimal/countsem.o
LOAD ./output/./FreeRTOS/FreeRTOS/Demo/Common/Minimal/death.o
LOAD ./output/./FreeRTOS/FreeRTOS/Demo/Common/Minimal/dynamic.o
LOAD ./output/./FreeRTOS/FreeRTOS/Demo/Common/Minimal/EventGroupsDemo.o
LOAD ./output/./FreeRTOS/FreeRTOS/Demo/Common/Minimal/GenQTest.o
LOAD ./output/./FreeRTOS/FreeRTOS/Demo/Common/Minimal/integer.o
LOAD ./output/./FreeRTOS/FreeRTOS/Demo/Common/Minimal/IntSemTest.o
LOAD ./output/./FreeRTOS/FreeRTOS/Demo/Common/Minimal/MessageBufferAMP.o
LOAD ./output/./FreeRTOS/FreeRTOS/Demo/Common/Minimal/MessageBufferDemo.o
LOAD ./output/./FreeRTOS/FreeRTOS/Demo/Common/Minimal/PollQ.o
LOAD ./output/./FreeRTOS/FreeRTOS/Demo/Common/Minimal/QPeek.o
LOAD ./output/./FreeRTOS/FreeRTOS/Demo/Common/Minimal/QueueOverwrite.o
LOAD ./output/./FreeRTOS/FreeRTOS/Demo/Common/Minimal/QueueSet.o
LOAD ./output/./FreeRTOS/FreeRTOS/Demo/Common/Minimal/QueueSetPolling.o
LOAD ./output/./FreeRTOS/FreeRTOS/Demo/Common/Minimal/recmutex.o
LOAD ./output/./FreeRTOS/FreeRTOS/Demo/Common/Minimal/semtest.o
LOAD ./output/./FreeRTOS/FreeRTOS/Demo/Common/Minimal/StaticAllocation.o
LOAD ./output/./FreeRTOS/FreeRTOS/Demo/Common/Minimal/StreamBufferDemo.o
LOAD ./output/./FreeRTOS/FreeRTOS/Demo/Common/Minimal/StreamBufferInterrupt.o
LOAD ./output/./FreeRTOS/FreeRTOS/Demo/Common/Minimal/TaskNotify.o
LOAD ./output/./FreeRTOS/FreeRTOS/Demo/Common/Minimal/TaskNotifyArray.o
LOAD ./output/./FreeRTOS/FreeRTOS/Demo/Common/Minimal/TimerDemo.o
LOAD ./output/./FreeRTOS/FreeRTOS/Source/portable/GCC/RISC-V/portASM.o
LOAD ./output/./src/start.o
LOAD ./output/./src/RegTest.o
LOAD ./output/./src/vector.o
                0x00000800                        __stack_size = 0x800
START GROUP
END GROUP
LOAD /opt/riscv32/lib/gcc/riscv32-unknown-elf/14.2.0/libgcc.a
START GROUP
LOAD /opt/riscv32/lib/gcc/riscv32-unknown-elf/14.2.0/../../../../riscv32-unknown-elf/lib/libc.a
LOAD /opt/riscv32/lib/gcc/riscv32-unknown-elf/14.2.0/../../../../riscv32-unknown-elf/lib/libgloss.a
END GROUP
LOAD /opt/riscv32/lib/gcc/riscv32-unknown-elf/14.2.0/libgcc.a

.init           0x80000000       0x72
                0x80000000                        _text = .
 *(SORT_NONE(.init))
 .init          0x80000000       0x72 ./output/./src/start.o
                0x80000000                _start

.text           0x80000080     0xd622
 *(.trap)
 *(.text.unlikely .text.unlikely.*)
 *(.text.startup .text.startup.*)
 .text.startup.main
                0x80000080       0x38 ./output/./src/main.o
                0x80000080                main
 *(.text .text.*)
 .text.prvSearchForNameWithinSingleList
                0x800000b8       0x3c ./output/./FreeRTOS/FreeRTOS/Source/tasks.o
 .text.prvAddNewTaskToReadyList
                0x800000f4      0x124 ./output/./FreeRTOS/FreeRTOS/Source/tasks.o
 .text.prvAddCurrentTaskToDelayedList
                0x80000218       0xd6 ./output/./FreeRTOS/FreeRTOS/Source/tasks.o
 .text.prvResetNextTaskUnblockTime
                0x800002ee       0x1a ./output/./FreeRTOS/FreeRTOS/Source/tasks.o
 .text.prvTaskIsTaskSuspended
                0x80000308       0x58 ./output/./FreeRTOS/FreeRTOS/Source/tasks.o
 .text.prvDeleteTCB
                0x80000360       0x40 ./output/./FreeRTOS/FreeRTOS/Source/tasks.o
 .text.prvCheckTasksWaitingTermination
                0x800003a0       0x72 ./output/./FreeRTOS/FreeRTOS/Source/tasks.o
 .text.prvIdleTask
                0x80000412        0x8 ./output/./FreeRTOS/FreeRTOS/Source/tasks.o
 .text.prvInitialiseNewTask.constprop.0
                0x8000041a       0xbc ./output/./FreeRTOS/FreeRTOS/Source/tasks.o
 .text.xTaskCreateStatic
                0x800004d6       0xa6 ./output/./FreeRTOS/FreeRTOS/Source/tasks.o
                0x800004d6                xTaskCreateStatic
 .text.xTaskCreate
                0x8000057c       0x7a ./output/./FreeRTOS/FreeRTOS/Source/tasks.o
                0x8000057c                xTaskCreate
 .text.vTaskDelete
                0x800005f6      0x108 ./output/./FreeRTOS/FreeRTOS/Source/tasks.o
                0x800005f6                vTaskDelete
 .text.eTaskGetState
                0x800006fe       0xa4 ./output/./FreeRTOS/FreeRTOS/Source/tasks.o
                0x800006fe                eTaskGetState
 .text.uxTaskPriorityGet
                0x800007a2       0x4e ./output/./FreeRTOS/FreeRTOS/Source/tasks.o
                0x800007a2                uxTaskPriorityGet
 .text.vTaskPrioritySet
                0x800007f0      0x134 ./output/./FreeRTOS/FreeRTOS/Source/tasks.o
                0x800007f0                vTaskPrioritySet
 .text.vTaskResume
                0x80000924       0xb2 ./output/./FreeRTOS/FreeRTOS/Source/tasks.o
                0x80000924                vTaskResume
 .text.vTaskStartScheduler
                0x800009d6       0x8e ./output/./FreeRTOS/FreeRTOS/Source/tasks.o
                0x800009d6                vTaskStartScheduler
 .text.vTaskSuspendAll
                0x80000a64        0xc ./output/./FreeRTOS/FreeRTOS/Source/tasks.o
                0x80000a64                vTaskSuspendAll
 .text.xTaskGetTickCount
                0x80000a70        0x6 ./output/./FreeRTOS/FreeRTOS/Source/tasks.o
                0x80000a70                xTaskGetTickCount
 .text.uxTaskGetNumberOfTasks
                0x80000a76        0x6 ./output/./FreeRTOS/FreeRTOS/Source/tasks.o
                0x80000a76                uxTaskGetNumberOfTasks
 .text.xTaskIncrementTick
                0x80000a7c      0x156 ./output/./FreeRTOS/FreeRTOS/Source/tasks.o
                0x80000a7c                xTaskIncrementTick
 .text.xTaskResumeAll
                0x80000bd2      0x134 ./output/./FreeRTOS/FreeRTOS/Source/tasks.o
                0x80000bd2                xTaskResumeAll
 .text.xTaskDelayUntil
                0x80000d06       0x98 ./output/./FreeRTOS/FreeRTOS/Source/tasks.o
                0x80000d06                xTaskDelayUntil
 .text.vTaskDelay
                0x80000d9e       0x46 ./output/./FreeRTOS/FreeRTOS/Source/tasks.o
                0x80000d9e                vTaskDelay
 .text.xTaskGetHandle
                0x80000de4       0x96 ./output/./FreeRTOS/FreeRTOS/Source/tasks.o
                0x80000de4                xTaskGetHandle
 .text.xTaskCatchUpTicks
                0x80000e7a       0x48 ./output/./FreeRTOS/FreeRTOS/Source/tasks.o
                0x80000e7a                xTaskCatchUpTicks
 .text.xTaskAbortDelay
                0x80000ec2       0xc6 ./output/./FreeRTOS/FreeRTOS/Source/tasks.o
                0x80000ec2                xTaskAbortDelay
 .text.vTaskSwitchContext
                0x80000f88       0xc6 ./output/./FreeRTOS/FreeRTOS/Source/tasks.o
                0x80000f88                vTaskSwitchContext
 .text.vTaskSuspend
                0x8000104e      0x140 ./output/./FreeRTOS/FreeRTOS/Source/tasks.o
                0x8000104e                vTaskSuspend
 .text.vTaskPlaceOnEventList
                0x8000118e       0x3c ./output/./FreeRTOS/FreeRTOS/Source/tasks.o
                0x8000118e                vTaskPlaceOnEventList
 .text.vTaskPlaceOnUnorderedEventList
                0x800011ca       0x86 ./output/./FreeRTOS/FreeRTOS/Source/tasks.o
                0x800011ca                vTaskPlaceOnUnorderedEventList
 .text.vTaskPlaceOnEventListRestricted
                0x80001250       0x68 ./output/./FreeRTOS/FreeRTOS/Source/tasks.o
                0x80001250                vTaskPlaceOnEventListRestricted
 .text.xTaskRemoveFromEventList
                0x800012b8       0xc0 ./output/./FreeRTOS/FreeRTOS/Source/tasks.o
                0x800012b8                xTaskRemoveFromEventList
 .text.vTaskRemoveFromUnorderedEventList
                0x80001378       0xc4 ./output/./FreeRTOS/FreeRTOS/Source/tasks.o
                0x80001378                vTaskRemoveFromUnorderedEventList
 .text.vTaskSetTimeOutState
                0x8000143c       0x46 ./output/./FreeRTOS/FreeRTOS/Source/tasks.o
                0x8000143c                vTaskSetTimeOutState
 .text.vTaskInternalSetTimeOutState
                0x80001482        0xe ./output/./FreeRTOS/FreeRTOS/Source/tasks.o
                0x80001482                vTaskInternalSetTimeOutState
 .text.xTaskCheckForTimeOut
                0x80001490       0xb2 ./output/./FreeRTOS/FreeRTOS/Source/tasks.o
                0x80001490                xTaskCheckForTimeOut
 .text.vTaskMissedYield
                0x80001542        0x8 ./output/./FreeRTOS/FreeRTOS/Source/tasks.o
                0x80001542                vTaskMissedYield
 .text.uxTaskGetStackHighWaterMark
                0x8000154a       0x48 ./output/./FreeRTOS/FreeRTOS/Source/tasks.o
                0x8000154a                uxTaskGetStackHighWaterMark
 .text.xTaskGetCurrentTaskHandle
                0x80001592        0x6 ./output/./FreeRTOS/FreeRTOS/Source/tasks.o
                0x80001592                xTaskGetCurrentTaskHandle
 .text.xTaskGetSchedulerState
                0x80001598       0x14 ./output/./FreeRTOS/FreeRTOS/Source/tasks.o
                0x80001598                xTaskGetSchedulerState
 .text.xTaskPriorityInherit
                0x800015ac       0xca ./output/./FreeRTOS/FreeRTOS/Source/tasks.o
                0x800015ac                xTaskPriorityInherit
 .text.xTaskPriorityDisinherit
                0x80001676       0xba ./output/./FreeRTOS/FreeRTOS/Source/tasks.o
                0x80001676                xTaskPriorityDisinherit
 .text.vTaskPriorityDisinheritAfterTimeout
                0x80001730       0xd6 ./output/./FreeRTOS/FreeRTOS/Source/tasks.o
                0x80001730                vTaskPriorityDisinheritAfterTimeout
 .text.uxTaskResetEventItemValue
                0x80001806       0x18 ./output/./FreeRTOS/FreeRTOS/Source/tasks.o
                0x80001806                uxTaskResetEventItemValue
 .text.pvTaskIncrementMutexHeldCount
                0x8000181e        0xe ./output/./FreeRTOS/FreeRTOS/Source/tasks.o
                0x8000181e                pvTaskIncrementMutexHeldCount
 .text.ulTaskGenericNotifyTake
                0x8000182c       0xdc ./output/./FreeRTOS/FreeRTOS/Source/tasks.o
                0x8000182c                ulTaskGenericNotifyTake
 .text.xTaskGenericNotifyWait
                0x80001908      0x132 ./output/./FreeRTOS/FreeRTOS/Source/tasks.o
                0x80001908                xTaskGenericNotifyWait
 .text.xTaskGenericNotify
                0x80001a3a      0x176 ./output/./FreeRTOS/FreeRTOS/Source/tasks.o
                0x80001a3a                xTaskGenericNotify
 .text.xTaskGenericNotifyFromISR
                0x80001bb0      0x18e ./output/./FreeRTOS/FreeRTOS/Source/tasks.o
                0x80001bb0                xTaskGenericNotifyFromISR
 .text.vTaskGenericNotifyGiveFromISR
                0x80001d3e       0xfc ./output/./FreeRTOS/FreeRTOS/Source/tasks.o
                0x80001d3e                vTaskGenericNotifyGiveFromISR
 .text.xTaskGenericNotifyStateClear
                0x80001e3a       0x78 ./output/./FreeRTOS/FreeRTOS/Source/tasks.o
                0x80001e3a                xTaskGenericNotifyStateClear
 .text.ulTaskGenericNotifyValueClear
                0x80001eb2       0x80 ./output/./FreeRTOS/FreeRTOS/Source/tasks.o
                0x80001eb2                ulTaskGenericNotifyValueClear
 .text.vListInitialise
                0x80001f32       0x14 ./output/./FreeRTOS/FreeRTOS/Source/list.o
                0x80001f32                vListInitialise
 .text.vListInitialiseItem
                0x80001f46        0x6 ./output/./FreeRTOS/FreeRTOS/Source/list.o
                0x80001f46                vListInitialiseItem
 .text.vListInsertEnd
                0x80001f4c       0x16 ./output/./FreeRTOS/FreeRTOS/Source/list.o
                0x80001f4c                vListInsertEnd
 .text.vListInsert
                0x80001f62       0x2e ./output/./FreeRTOS/FreeRTOS/Source/list.o
                0x80001f62                vListInsert
 .text.uxListRemove
                0x80001f90       0x1e ./output/./FreeRTOS/FreeRTOS/Source/list.o
                0x80001f90                uxListRemove
 .text.prvIsQueueEmpty
                0x80001fae       0x1a ./output/./FreeRTOS/FreeRTOS/Source/queue.o
 .text.prvCopyDataToQueue
                0x80001fc8       0x82 ./output/./FreeRTOS/FreeRTOS/Source/queue.o
 .text.prvCopyDataFromQueue
                0x8000204a       0x20 ./output/./FreeRTOS/FreeRTOS/Source/queue.o
 .text.prvNotifyQueueSetContainer
                0x8000206a       0xac ./output/./FreeRTOS/FreeRTOS/Source/queue.o
 .text.prvUnlockQueue
                0x80002116       0xce ./output/./FreeRTOS/FreeRTOS/Source/queue.o
 .text.xQueueGenericReset
                0x800021e4       0xb4 ./output/./FreeRTOS/FreeRTOS/Source/queue.o
                0x800021e4                xQueueGenericReset
 .text.xQueueGenericCreateStatic
                0x80002298       0x9a ./output/./FreeRTOS/FreeRTOS/Source/queue.o
                0x80002298                xQueueGenericCreateStatic
 .text.xQueueGenericCreate
                0x80002332       0x78 ./output/./FreeRTOS/FreeRTOS/Source/queue.o
                0x80002332                xQueueGenericCreate
 .text.xQueueGetMutexHolder
                0x800023aa       0x3c ./output/./FreeRTOS/FreeRTOS/Source/queue.o
                0x800023aa                xQueueGetMutexHolder
 .text.xQueueGetMutexHolderFromISR
                0x800023e6       0x2a ./output/./FreeRTOS/FreeRTOS/Source/queue.o
                0x800023e6                xQueueGetMutexHolderFromISR
 .text.xQueueCreateCountingSemaphoreStatic
                0x80002410       0x38 ./output/./FreeRTOS/FreeRTOS/Source/queue.o
                0x80002410                xQueueCreateCountingSemaphoreStatic
 .text.xQueueCreateCountingSemaphore
                0x80002448       0x34 ./output/./FreeRTOS/FreeRTOS/Source/queue.o
                0x80002448                xQueueCreateCountingSemaphore
 .text.xQueueGenericSend
                0x8000247c      0x1b2 ./output/./FreeRTOS/FreeRTOS/Source/queue.o
                0x8000247c                xQueueGenericSend
 .text.xQueueCreateMutexStatic
                0x8000262e       0x38 ./output/./FreeRTOS/FreeRTOS/Source/queue.o
                0x8000262e                xQueueCreateMutexStatic
 .text.xQueueGiveMutexRecursive
                0x80002666       0x4c ./output/./FreeRTOS/FreeRTOS/Source/queue.o
                0x80002666                xQueueGiveMutexRecursive
 .text.xQueueCreateMutex
                0x800026b2       0x34 ./output/./FreeRTOS/FreeRTOS/Source/queue.o
                0x800026b2                xQueueCreateMutex
 .text.xQueueGenericSendFromISR
                0x800026e6       0xfa ./output/./FreeRTOS/FreeRTOS/Source/queue.o
                0x800026e6                xQueueGenericSendFromISR
 .text.xQueueReceive
                0x800027e0      0x16c ./output/./FreeRTOS/FreeRTOS/Source/queue.o
                0x800027e0                xQueueReceive
 .text.xQueueSemaphoreTake
                0x8000294c      0x1be ./output/./FreeRTOS/FreeRTOS/Source/queue.o
                0x8000294c                xQueueSemaphoreTake
 .text.xQueueTakeMutexRecursive
                0x80002b0a       0x6a ./output/./FreeRTOS/FreeRTOS/Source/queue.o
                0x80002b0a                xQueueTakeMutexRecursive
 .text.xQueuePeek
                0x80002b74      0x166 ./output/./FreeRTOS/FreeRTOS/Source/queue.o
                0x80002b74                xQueuePeek
 .text.uxQueueMessagesWaiting
                0x80002cda       0x38 ./output/./FreeRTOS/FreeRTOS/Source/queue.o
                0x80002cda                uxQueueMessagesWaiting
 .text.uxQueueSpacesAvailable
                0x80002d12       0x3c ./output/./FreeRTOS/FreeRTOS/Source/queue.o
                0x80002d12                uxQueueSpacesAvailable
 .text.vQueueAddToRegistry
                0x80002d4e       0x5e ./output/./FreeRTOS/FreeRTOS/Source/queue.o
                0x80002d4e                vQueueAddToRegistry
 .text.vQueueUnregisterQueue
                0x80002dac       0x4c ./output/./FreeRTOS/FreeRTOS/Source/queue.o
                0x80002dac                vQueueUnregisterQueue
 .text.vQueueDelete
                0x80002df8       0x3c ./output/./FreeRTOS/FreeRTOS/Source/queue.o
                0x80002df8                vQueueDelete
 .text.vQueueWaitForMessageRestricted
                0x80002e34       0x54 ./output/./FreeRTOS/FreeRTOS/Source/queue.o
                0x80002e34                vQueueWaitForMessageRestricted
 .text.xQueueCreateSet
                0x80002e88        0x8 ./output/./FreeRTOS/FreeRTOS/Source/queue.o
                0x80002e88                xQueueCreateSet
 .text.xQueueAddToSet
                0x80002e90       0x24 ./output/./FreeRTOS/FreeRTOS/Source/queue.o
                0x80002e90                xQueueAddToSet
 .text.xQueueRemoveFromSet
                0x80002eb4       0x2c ./output/./FreeRTOS/FreeRTOS/Source/queue.o
                0x80002eb4                xQueueRemoveFromSet
 .text.xQueueSelectFromSet
                0x80002ee0       0x16 ./output/./FreeRTOS/FreeRTOS/Source/queue.o
                0x80002ee0                xQueueSelectFromSet
 .text.prvInsertTimerInActiveList
                0x80002ef6       0x40 ./output/./FreeRTOS/FreeRTOS/Source/timers.o
 .text.prvReloadTimer
                0x80002f36       0x38 ./output/./FreeRTOS/FreeRTOS/Source/timers.o
 .text.prvProcessExpiredTimer
                0x80002f6e       0x46 ./output/./FreeRTOS/FreeRTOS/Source/timers.o
 .text.prvSwitchTimerLists
                0x80002fb4       0x2e ./output/./FreeRTOS/FreeRTOS/Source/timers.o
 .text.prvCheckForValidListAndQueue
                0x80002fe2       0x86 ./output/./FreeRTOS/FreeRTOS/Source/timers.o
 .text.prvTimerTask
                0x80003068      0x178 ./output/./FreeRTOS/FreeRTOS/Source/timers.o
 .text.xTimerCreateTimerTask
                0x800031e0       0x5c ./output/./FreeRTOS/FreeRTOS/Source/timers.o
                0x800031e0                xTimerCreateTimerTask
 .text.xTimerCreate
                0x8000323c       0x7a ./output/./FreeRTOS/FreeRTOS/Source/timers.o
                0x8000323c                xTimerCreate
 .text.xTimerCreateStatic
                0x800032b6       0xa4 ./output/./FreeRTOS/FreeRTOS/Source/timers.o
                0x800032b6                xTimerCreateStatic
 .text.xTimerGenericCommandFromTask
                0x8000335a       0x5c ./output/./FreeRTOS/FreeRTOS/Source/timers.o
                0x8000335a                xTimerGenericCommandFromTask
 .text.vTimerSetReloadMode
                0x800033b6       0x4c ./output/./FreeRTOS/FreeRTOS/Source/timers.o
                0x800033b6                vTimerSetReloadMode
 .text.xTimerGetReloadMode
                0x80003402       0x3a ./output/./FreeRTOS/FreeRTOS/Source/timers.o
                0x80003402                xTimerGetReloadMode
 .text.uxTimerGetReloadMode
                0x8000343c        0x4 ./output/./FreeRTOS/FreeRTOS/Source/timers.o
                0x8000343c                uxTimerGetReloadMode
 .text.pcTimerGetName
                0x80003440       0x24 ./output/./FreeRTOS/FreeRTOS/Source/timers.o
                0x80003440                pcTimerGetName
 .text.xTimerIsTimerActive
                0x80003464       0x3a ./output/./FreeRTOS/FreeRTOS/Source/timers.o
                0x80003464                xTimerIsTimerActive
 .text.pvTimerGetTimerID
                0x8000349e       0x36 ./output/./FreeRTOS/FreeRTOS/Source/timers.o
                0x8000349e                pvTimerGetTimerID
 .text.vTimerSetTimerID
                0x800034d4       0x3c ./output/./FreeRTOS/FreeRTOS/Source/timers.o
                0x800034d4                vTimerSetTimerID
 .text.xEventGroupCreateStatic
                0x80003510       0x54 ./output/./FreeRTOS/FreeRTOS/Source/event_groups.o
                0x80003510                xEventGroupCreateStatic
 .text.xEventGroupCreate
                0x80003564       0x2a ./output/./FreeRTOS/FreeRTOS/Source/event_groups.o
                0x80003564                xEventGroupCreate
 .text.xEventGroupWaitBits
                0x8000358e      0x11a ./output/./FreeRTOS/FreeRTOS/Source/event_groups.o
                0x8000358e                xEventGroupWaitBits
 .text.xEventGroupClearBits
                0x800036a8       0x60 ./output/./FreeRTOS/FreeRTOS/Source/event_groups.o
                0x800036a8                xEventGroupClearBits
 .text.xEventGroupSetBits
                0x80003708       0xb4 ./output/./FreeRTOS/FreeRTOS/Source/event_groups.o
                0x80003708                xEventGroupSetBits
 .text.xEventGroupSync
                0x800037bc       0xf6 ./output/./FreeRTOS/FreeRTOS/Source/event_groups.o
                0x800037bc                xEventGroupSync
 .text.vEventGroupDelete
                0x800038b2       0x72 ./output/./FreeRTOS/FreeRTOS/Source/event_groups.o
                0x800038b2                vEventGroupDelete
 .text.prvBytesInBuffer
                0x80003924       0x14 ./output/./FreeRTOS/FreeRTOS/Source/stream_buffer.o
 .text.prvWriteBytesToBuffer
                0x80003938       0x94 ./output/./FreeRTOS/FreeRTOS/Source/stream_buffer.o
 .text.prvWriteMessageToBuffer
                0x800039cc       0x54 ./output/./FreeRTOS/FreeRTOS/Source/stream_buffer.o
 .text.prvReadBytesFromBuffer
                0x80003a20       0x7a ./output/./FreeRTOS/FreeRTOS/Source/stream_buffer.o
 .text.prvReadMessageFromBuffer
                0x80003a9a       0x5e ./output/./FreeRTOS/FreeRTOS/Source/stream_buffer.o
 .text.prvInitialiseNewStreamBuffer.isra.0
                0x80003af8       0x60 ./output/./FreeRTOS/FreeRTOS/Source/stream_buffer.o
 .text.xStreamBufferGenericCreate
                0x80003b58       0x98 ./output/./FreeRTOS/FreeRTOS/Source/stream_buffer.o
                0x80003b58                xStreamBufferGenericCreate
 .text.xStreamBufferGenericCreateStatic
                0x80003bf0       0xe6 ./output/./FreeRTOS/FreeRTOS/Source/stream_buffer.o
                0x80003bf0                xStreamBufferGenericCreateStatic
 .text.vStreamBufferDelete
                0x80003cd6       0x40 ./output/./FreeRTOS/FreeRTOS/Source/stream_buffer.o
                0x80003cd6                vStreamBufferDelete
 .text.xStreamBufferReset
                0x80003d16       0x70 ./output/./FreeRTOS/FreeRTOS/Source/stream_buffer.o
                0x80003d16                xStreamBufferReset
 .text.xStreamBufferSpacesAvailable
                0x80003d86       0x3c ./output/./FreeRTOS/FreeRTOS/Source/stream_buffer.o
                0x80003d86                xStreamBufferSpacesAvailable
 .text.xStreamBufferBytesAvailable
                0x80003dc2       0x26 ./output/./FreeRTOS/FreeRTOS/Source/stream_buffer.o
                0x80003dc2                xStreamBufferBytesAvailable
 .text.xStreamBufferSend
                0x80003de8      0x15a ./output/./FreeRTOS/FreeRTOS/Source/stream_buffer.o
                0x80003de8                xStreamBufferSend
 .text.xStreamBufferSendFromISR
                0x80003f42       0x90 ./output/./FreeRTOS/FreeRTOS/Source/stream_buffer.o
                0x80003f42                xStreamBufferSendFromISR
 .text.xStreamBufferReceive
                0x80003fd2      0x10e ./output/./FreeRTOS/FreeRTOS/Source/stream_buffer.o
                0x80003fd2                xStreamBufferReceive
 .text.xStreamBufferNextMessageLengthBytes
                0x800040e0       0x56 ./output/./FreeRTOS/FreeRTOS/Source/stream_buffer.o
                0x800040e0                xStreamBufferNextMessageLengthBytes
 .text.xStreamBufferReceiveFromISR
                0x80004136       0x86 ./output/./FreeRTOS/FreeRTOS/Source/stream_buffer.o
                0x80004136                xStreamBufferReceiveFromISR
 .text.xStreamBufferIsEmpty
                0x800041bc       0x2a ./output/./FreeRTOS/FreeRTOS/Source/stream_buffer.o
                0x800041bc                xStreamBufferIsEmpty
 .text.xStreamBufferIsFull
                0x800041e6       0x3a ./output/./FreeRTOS/FreeRTOS/Source/stream_buffer.o
                0x800041e6                xStreamBufferIsFull
 .text.pvPortMalloc
                0x80004220      0x1ec ./output/./FreeRTOS/FreeRTOS/Source/portable/MemMang/heap_4.o
                0x80004220                pvPortMalloc
 .text.vPortFree
                0x8000440c      0x12c ./output/./FreeRTOS/FreeRTOS/Source/portable/MemMang/heap_4.o
                0x8000440c                vPortFree
 .text.xPortGetFreeHeapSize
                0x80004538        0x6 ./output/./FreeRTOS/FreeRTOS/Source/portable/MemMang/heap_4.o
                0x80004538                xPortGetFreeHeapSize
 .text.xPortGetMinimumEverFreeHeapSize
                0x8000453e        0x6 ./output/./FreeRTOS/FreeRTOS/Source/portable/MemMang/heap_4.o
                0x8000453e                xPortGetMinimumEverFreeHeapSize
 .text.vPortSetupTimerInterrupt
                0x80004544       0x5e ./output/./FreeRTOS/FreeRTOS/Source/portable/GCC/RISC-V/port.o
                0x80004544                vPortSetupTimerInterrupt
 .text.xPortStartScheduler
                0x800045a2       0x32 ./output/./FreeRTOS/FreeRTOS/Source/portable/GCC/RISC-V/port.o
                0x800045a2                xPortStartScheduler
 .text.vApplicationMallocFailedHook
                0x800045d4       0x16 ./output/./src/main.o
                0x800045d4                vApplicationMallocFailedHook
 .text.vApplicationStackOverflowHook
                0x800045ea       0x16 ./output/./src/main.o
                0x800045ea                vApplicationStackOverflowHook
 .text.vAssertCalled
                0x80004600       0x46 ./output/./src/main.o
                0x80004600                vAssertCalled
 .text.vApplicationGetIdleTaskMemory
                0x80004646       0x1c ./output/./src/main.o
                0x80004646                vApplicationGetIdleTaskMemory
 .text.vApplicationGetTimerTaskMemory
                0x80004662       0x1c ./output/./src/main.o
                0x80004662                vApplicationGetTimerTaskMemory
 .text.vOutNS16550
                0x8000467e       0x14 ./output/./src/ns16550.o
                0x8000467e                vOutNS16550
 .text.uart_putchar
                0x80004692       0x1a ./output/./src/uart.o
                0x80004692                uart_putchar
 .text.uart_puts
                0x800046ac       0x1e ./output/./src/uart.o
                0x800046ac                uart_puts
 .text.vStackUsageMonitorTask
                0x800046ca       0x8e ./output/./src/main_tasks.o
                0x800046ca                vStackUsageMonitorTask
 .text.vMy_LED_Task1
                0x80004758       0x40 ./output/./src/main_tasks.o
                0x80004758                vMy_LED_Task1
 .text.vMy_LED_Task2
                0x80004798       0x3e ./output/./src/main_tasks.o
                0x80004798                vMy_LED_Task2
 .text.vFatWorker
                0x800047d6       0x2a ./output/./src/main_tasks.o
                0x800047d6                vFatWorker
 .text.vMassiveTaskCreator
                0x80004800       0x70 ./output/./src/main_tasks.o
                0x80004800                vMassiveTaskCreator
 .text.vHeapStressTestTask
                0x80004870       0x94 ./output/./src/main_tasks.o
                0x80004870                vHeapStressTestTask
 .text.main_task
                0x80004904       0xb6 ./output/./src/main_tasks.o
                0x80004904                main_task
 .text.vApplicationTickHook
                0x800049ba       0x22 ./output/./src/main_isr.o
                0x800049ba                vApplicationTickHook
 .text.vMidPriorityTask
                0x800049dc       0x1c ./output/./src/main_mutex.o
 .text.vHighPriorityTask
                0x800049f8       0x44 ./output/./src/main_mutex.o
 .text.vLowPriorityTask
                0x80004a3c       0x5a ./output/./src/main_mutex.o
 .text.vStartMyMutexTest
                0x80004a96       0x80 ./output/./src/main_mutex.o
                0x80004a96                vStartMyMutexTest
 .text.printchar
                0x80004b16       0x24 ./output/./src/printf-stdarg.o
 .text.prints   0x80004b3a       0xb4 ./output/./src/printf-stdarg.o
 .text.printi   0x80004bee       0xbc ./output/./src/printf-stdarg.o
 .text.tiny_print
                0x80004caa      0x18a ./output/./src/printf-stdarg.o
 .text.printf   0x80004e34       0x26 ./output/./src/printf-stdarg.o
                0x80004e34                printf
 .text.sprintf  0x80004e5a       0x24 ./output/./src/printf-stdarg.o
                0x80004e5a                sprintf
 .text.snprintf
                0x80004e7e       0x26 ./output/./src/printf-stdarg.o
                0x80004e7e                snprintf
 .text.main_full
                0x80004ea4       0x78 ./output/./src/main_full.o
                0x80004ea4                main_full
 .text.prvCheckExpectedTimeIsWithinAnAcceptableMargin
                0x80004f1c       0x36 ./output/./FreeRTOS/FreeRTOS/Demo/Common/Minimal/AbortDelay.o
 .text.prvBlockingTask
                0x80004f52      0x486 ./output/./FreeRTOS/FreeRTOS/Demo/Common/Minimal/AbortDelay.o
 .text.prvControllingTask
                0x800053d8       0x9c ./output/./FreeRTOS/FreeRTOS/Demo/Common/Minimal/AbortDelay.o
 .text.vCreateAbortDelayTasks
                0x80005474       0x44 ./output/./FreeRTOS/FreeRTOS/Demo/Common/Minimal/AbortDelay.o
                0x80005474                vCreateAbortDelayTasks
 .text.vSecondaryBlockTimeTestTask
                0x800054b8       0xc2 ./output/./FreeRTOS/FreeRTOS/Demo/Common/Minimal/blocktim.o
 .text.vPrimaryBlockTimeTestTask
                0x8000557a      0x39c ./output/./FreeRTOS/FreeRTOS/Demo/Common/Minimal/blocktim.o
 .text.vCreateBlockTimeTasks
                0x80005916       0x68 ./output/./FreeRTOS/FreeRTOS/Demo/Common/Minimal/blocktim.o
                0x80005916                vCreateBlockTimeTasks
 .text.prvDecrementSemaphoreCount
                0x8000597e       0xa2 ./output/./FreeRTOS/FreeRTOS/Demo/Common/Minimal/countsem.o
 .text.prvCountingSemaphoreTask
                0x80005a20       0xb2 ./output/./FreeRTOS/FreeRTOS/Demo/Common/Minimal/countsem.o
 .text.vStartCountingSemaphoreTasks
                0x80005ad2       0xae ./output/./FreeRTOS/FreeRTOS/Demo/Common/Minimal/countsem.o
                0x80005ad2                vStartCountingSemaphoreTasks
 .text.vQueueReceiveWhenSuspendedTask
                0x80005b80       0x56 ./output/./FreeRTOS/FreeRTOS/Demo/Common/Minimal/dynamic.o
 .text.vQueueSendWhenSuspendedTask
                0x80005bd6       0x42 ./output/./FreeRTOS/FreeRTOS/Demo/Common/Minimal/dynamic.o
 .text.vLimitedIncrementTask
                0x80005c18       0x28 ./output/./FreeRTOS/FreeRTOS/Demo/Common/Minimal/dynamic.o
 .text.vCounterControlTask
                0x80005c40      0x116 ./output/./FreeRTOS/FreeRTOS/Demo/Common/Minimal/dynamic.o
 .text.vContinuousIncrementTask
                0x80005d56       0x62 ./output/./FreeRTOS/FreeRTOS/Demo/Common/Minimal/dynamic.o
 .text.vStartDynamicPriorityTasks
                0x80005db8       0xce ./output/./FreeRTOS/FreeRTOS/Demo/Common/Minimal/dynamic.o
                0x80005db8                vStartDynamicPriorityTasks
 .text.prvSyncTask
                0x80005e86       0xc8 ./output/./FreeRTOS/FreeRTOS/Demo/Common/Minimal/EventGroupsDemo.o
 .text.prvTestSlaveTask
                0x80005f4e      0x12e ./output/./FreeRTOS/FreeRTOS/Demo/Common/Minimal/EventGroupsDemo.o
 .text.prvTestMasterTask
                0x8000607c      0x53c ./output/./FreeRTOS/FreeRTOS/Demo/Common/Minimal/EventGroupsDemo.o
 .text.vStartEventGroupTasks
                0x800065b8       0xba ./output/./FreeRTOS/FreeRTOS/Demo/Common/Minimal/EventGroupsDemo.o
                0x800065b8                vStartEventGroupTasks
 .text.prvMediumPriorityMutexTask
                0x80006672       0x18 ./output/./FreeRTOS/FreeRTOS/Demo/Common/Minimal/GenQTest.o
 .text.prvHighPriorityMutexTask
                0x8000668a       0x46 ./output/./FreeRTOS/FreeRTOS/Demo/Common/Minimal/GenQTest.o
 .text.prvLowPriorityMutexTask
                0x800066d0      0x3ca ./output/./FreeRTOS/FreeRTOS/Demo/Common/Minimal/GenQTest.o
 .text.prvSendFrontAndBackTest
                0x80006a9a      0x260 ./output/./FreeRTOS/FreeRTOS/Demo/Common/Minimal/GenQTest.o
 .text.vStartGenericQueueTasks
                0x80006cfa       0xe4 ./output/./FreeRTOS/FreeRTOS/Demo/Common/Minimal/GenQTest.o
                0x80006cfa                vStartGenericQueueTasks
 .text.vInterruptCountingSemaphoreTask
                0x80006dde       0xc2 ./output/./FreeRTOS/FreeRTOS/Demo/Common/Minimal/IntSemTest.o
 .text.vInterruptMutexMasterTask
                0x80006ea0      0x29c ./output/./FreeRTOS/FreeRTOS/Demo/Common/Minimal/IntSemTest.o
 .text.vInterruptMutexSlaveTask
                0x8000713c       0x46 ./output/./FreeRTOS/FreeRTOS/Demo/Common/Minimal/IntSemTest.o
 .text.vStartInterruptSemaphoreTasks
                0x80007182       0xba ./output/./FreeRTOS/FreeRTOS/Demo/Common/Minimal/IntSemTest.o
                0x80007182                vStartInterruptSemaphoreTasks
 .text.prvCoreBTasks
                0x8000723c       0xa2 ./output/./FreeRTOS/FreeRTOS/Demo/Common/Minimal/MessageBufferAMP.o
 .text.prvCoreATask
                0x800072de       0x52 ./output/./FreeRTOS/FreeRTOS/Demo/Common/Minimal/MessageBufferAMP.o
 .text.vStartMessageBufferAMPTasks
                0x80007330       0xa6 ./output/./FreeRTOS/FreeRTOS/Demo/Common/Minimal/MessageBufferAMP.o
                0x80007330                vStartMessageBufferAMPTasks
 .text.prvSpaceAvailableCoherenceTester
                0x800073d6       0x48 ./output/./FreeRTOS/FreeRTOS/Demo/Common/Minimal/MessageBufferDemo.o
 .text.prvSpaceAvailableCoherenceActor
                0x8000741e       0x6e ./output/./FreeRTOS/FreeRTOS/Demo/Common/Minimal/MessageBufferDemo.o
 .text.prvReceiverTask
                0x8000748c       0x6a ./output/./FreeRTOS/FreeRTOS/Demo/Common/Minimal/MessageBufferDemo.o
 .text.prvNonBlockingSenderTask
                0x800074f6       0x7e ./output/./FreeRTOS/FreeRTOS/Demo/Common/Minimal/MessageBufferDemo.o
 .text.prvNonBlockingReceiverTask
                0x80007574       0xbe ./output/./FreeRTOS/FreeRTOS/Demo/Common/Minimal/MessageBufferDemo.o
 .text.prvEchoClient
                0x80007632       0xf6 ./output/./FreeRTOS/FreeRTOS/Demo/Common/Minimal/MessageBufferDemo.o
 .text.prvSingleTaskTests
                0x80007728      0x556 ./output/./FreeRTOS/FreeRTOS/Demo/Common/Minimal/MessageBufferDemo.o
 .text.prvSenderTask
                0x80007c7e      0x10c ./output/./FreeRTOS/FreeRTOS/Demo/Common/Minimal/MessageBufferDemo.o
 .text.prvEchoServer
                0x80007d8a      0x140 ./output/./FreeRTOS/FreeRTOS/Demo/Common/Minimal/MessageBufferDemo.o
 .text.vStartMessageBufferTasks
                0x80007eca      0x136 ./output/./FreeRTOS/FreeRTOS/Demo/Common/Minimal/MessageBufferDemo.o
                0x80007eca                vStartMessageBufferTasks
 .text.vPolledQueueProducer
                0x80008000       0x6a ./output/./FreeRTOS/FreeRTOS/Demo/Common/Minimal/PollQ.o
 .text.vPolledQueueConsumer
                0x8000806a       0x70 ./output/./FreeRTOS/FreeRTOS/Demo/Common/Minimal/PollQ.o
 .text.vStartPolledQueueTasks
                0x800080da       0x78 ./output/./FreeRTOS/FreeRTOS/Demo/Common/Minimal/PollQ.o
                0x800080da                vStartPolledQueueTasks
 .text.prvHighestPriorityPeekTask
                0x80008152       0xc6 ./output/./FreeRTOS/FreeRTOS/Demo/Common/Minimal/QPeek.o
 .text.prvHighPriorityPeekTask
                0x80008218       0x76 ./output/./FreeRTOS/FreeRTOS/Demo/Common/Minimal/QPeek.o
 .text.prvMediumPriorityPeekTask
                0x8000828e       0x56 ./output/./FreeRTOS/FreeRTOS/Demo/Common/Minimal/QPeek.o
 .text.prvLowPriorityPeekTask
                0x800082e4       0xe0 ./output/./FreeRTOS/FreeRTOS/Demo/Common/Minimal/QPeek.o
 .text.vStartQueuePeekTasks
                0x800083c4       0xac ./output/./FreeRTOS/FreeRTOS/Demo/Common/Minimal/QPeek.o
                0x800083c4                vStartQueuePeekTasks
 .text.prvQueueOverwriteTask
                0x80008470       0xb6 ./output/./FreeRTOS/FreeRTOS/Demo/Common/Minimal/QueueOverwrite.o
 .text.vStartQueueOverwriteTask
                0x80008526       0x36 ./output/./FreeRTOS/FreeRTOS/Demo/Common/Minimal/QueueOverwrite.o
                0x80008526                vStartQueueOverwriteTask
 .text.prvCheckReceivedValueWithinExpectedRange
                0x8000855c       0x3a ./output/./FreeRTOS/FreeRTOS/Demo/Common/Minimal/QueueSet.o
 .text.prvCheckReceivedValue
                0x80008596       0xb2 ./output/./FreeRTOS/FreeRTOS/Demo/Common/Minimal/QueueSet.o
 .text.prvQueueSetReceivingTask
                0x80008648      0x62c ./output/./FreeRTOS/FreeRTOS/Demo/Common/Minimal/QueueSet.o
 .text.prvQueueSetSendingTask
                0x80008c74       0xfa ./output/./FreeRTOS/FreeRTOS/Demo/Common/Minimal/QueueSet.o
 .text.vStartQueueSetTasks
                0x80008d6e       0x60 ./output/./FreeRTOS/FreeRTOS/Demo/Common/Minimal/QueueSet.o
                0x80008d6e                vStartQueueSetTasks
 .text.prvQueueSetReceivingTask
                0x80008dce       0x50 ./output/./FreeRTOS/FreeRTOS/Demo/Common/Minimal/QueueSetPolling.o
 .text.vStartQueueSetPollingTask
                0x80008e1e       0x58 ./output/./FreeRTOS/FreeRTOS/Demo/Common/Minimal/QueueSetPolling.o
                0x80008e1e                vStartQueueSetPollingTask
 .text.prvRecursiveMutexPollingTask
                0x80008e76      0x134 ./output/./FreeRTOS/FreeRTOS/Demo/Common/Minimal/recmutex.o
 .text.prvRecursiveMutexBlockingTask
                0x80008faa       0x7e ./output/./FreeRTOS/FreeRTOS/Demo/Common/Minimal/recmutex.o
 .text.prvRecursiveMutexControllingTask
                0x80009028       0x9c ./output/./FreeRTOS/FreeRTOS/Demo/Common/Minimal/recmutex.o
 .text.vStartRecursiveMutexTasks
                0x800090c4       0x84 ./output/./FreeRTOS/FreeRTOS/Demo/Common/Minimal/recmutex.o
                0x800090c4                vStartRecursiveMutexTasks
 .text.prvSemaphoreTest
                0x80009148       0xda ./output/./FreeRTOS/FreeRTOS/Demo/Common/Minimal/semtest.o
 .text.vStartSemaphoreTasks
                0x80009222      0x118 ./output/./FreeRTOS/FreeRTOS/Demo/Common/Minimal/semtest.o
                0x80009222                vStartSemaphoreTasks
 .text.prvGetNextDelayTime
                0x8000933a       0x58 ./output/./FreeRTOS/FreeRTOS/Demo/Common/Minimal/StaticAllocation.o
 .text.prvStaticallyAllocatedTask
                0x80009392        0x6 ./output/./FreeRTOS/FreeRTOS/Demo/Common/Minimal/StaticAllocation.o
 .text.prvSanityCheckCreatedQueue
                0x80009398       0xec ./output/./FreeRTOS/FreeRTOS/Demo/Common/Minimal/StaticAllocation.o
 .text.prvSanityCheckCreatedSemaphore
                0x80009484      0x122 ./output/./FreeRTOS/FreeRTOS/Demo/Common/Minimal/StaticAllocation.o
 .text.prvSanityCheckCreatedRecursiveMutex
                0x800095a6       0x74 ./output/./FreeRTOS/FreeRTOS/Demo/Common/Minimal/StaticAllocation.o
 .text.prvSanityCheckCreatedEventGroup
                0x8000961a       0x86 ./output/./FreeRTOS/FreeRTOS/Demo/Common/Minimal/StaticAllocation.o
 .text.prvStaticallyAllocatedCreator
                0x800096a0      0x46e ./output/./FreeRTOS/FreeRTOS/Demo/Common/Minimal/StaticAllocation.o
 .text.prvTimerCallback
                0x80009b0e       0x3c ./output/./FreeRTOS/FreeRTOS/Demo/Common/Minimal/StaticAllocation.o
 .text.vStartStaticallyAllocatedTasks
                0x80009b4a       0x2c ./output/./FreeRTOS/FreeRTOS/Demo/Common/Minimal/StaticAllocation.o
                0x80009b4a                vStartStaticallyAllocatedTasks
 .text.prvNonBlockingReceiverTask
                0x80009b76       0xa0 ./output/./FreeRTOS/FreeRTOS/Demo/Common/Minimal/StreamBufferDemo.o
 .text.prvInterruptTriggerLevelTest
                0x80009c16       0xf0 ./output/./FreeRTOS/FreeRTOS/Demo/Common/Minimal/StreamBufferDemo.o
 .text.prvCheckExpectedState
                0x80009d06       0x22 ./output/./FreeRTOS/FreeRTOS/Demo/Common/Minimal/StreamBufferDemo.o
 .text.prvReceiverTask
                0x80009d28       0x60 ./output/./FreeRTOS/FreeRTOS/Demo/Common/Minimal/StreamBufferDemo.o
 .text.prvNonBlockingSenderTask
                0x80009d88       0x50 ./output/./FreeRTOS/FreeRTOS/Demo/Common/Minimal/StreamBufferDemo.o
 .text.prvSingleTaskTests
                0x80009dd8      0x7da ./output/./FreeRTOS/FreeRTOS/Demo/Common/Minimal/StreamBufferDemo.o
 .text.prvSenderTask
                0x8000a5b2      0x10c ./output/./FreeRTOS/FreeRTOS/Demo/Common/Minimal/StreamBufferDemo.o
 .text.prvEchoServer
                0x8000a6be      0x100 ./output/./FreeRTOS/FreeRTOS/Demo/Common/Minimal/StreamBufferDemo.o
 .text.prvEchoClient
                0x8000a7be      0x226 ./output/./FreeRTOS/FreeRTOS/Demo/Common/Minimal/StreamBufferDemo.o
 .text.vStartStreamBufferTasks
                0x8000a9e4       0xe6 ./output/./FreeRTOS/FreeRTOS/Demo/Common/Minimal/StreamBufferDemo.o
                0x8000a9e4                vStartStreamBufferTasks
 .text.prvReceivingTask
                0x8000aaca       0xce ./output/./FreeRTOS/FreeRTOS/Demo/Common/Minimal/StreamBufferInterrupt.o
 .text.vStartStreamBufferInterruptDemo
                0x8000ab98       0x3a ./output/./FreeRTOS/FreeRTOS/Demo/Common/Minimal/StreamBufferInterrupt.o
                0x8000ab98                vStartStreamBufferInterruptDemo
 .text.prvRand  0x8000abd2       0x1c ./output/./FreeRTOS/FreeRTOS/Demo/Common/Minimal/TaskNotify.o
 .text.prvNotifyingTimer
                0x8000abee       0x36 ./output/./FreeRTOS/FreeRTOS/Demo/Common/Minimal/TaskNotify.o
 .text.prvNotifiedTask
                0x8000ac24      0x870 ./output/./FreeRTOS/FreeRTOS/Demo/Common/Minimal/TaskNotify.o
 .text.prvSuspendedTaskTimerTestCallback
                0x8000b494       0x7a ./output/./FreeRTOS/FreeRTOS/Demo/Common/Minimal/TaskNotify.o
 .text.vStartTaskNotifyTask
                0x8000b50e       0x36 ./output/./FreeRTOS/FreeRTOS/Demo/Common/Minimal/TaskNotify.o
                0x8000b50e                vStartTaskNotifyTask
 .text.prvRand  0x8000b544       0x1c ./output/./FreeRTOS/FreeRTOS/Demo/Common/Minimal/TaskNotifyArray.o
 .text.prvNotifyingTimerCallback
                0x8000b560       0x32 ./output/./FreeRTOS/FreeRTOS/Demo/Common/Minimal/TaskNotifyArray.o
 .text.prvNotifiedTask
                0x8000b592      0xd9c ./output/./FreeRTOS/FreeRTOS/Demo/Common/Minimal/TaskNotifyArray.o
 .text.prvSuspendedTaskTimerTestCallback
                0x8000c32e       0x92 ./output/./FreeRTOS/FreeRTOS/Demo/Common/Minimal/TaskNotifyArray.o
 .text.vStartTaskNotifyArrayTask
                0x8000c3c0       0xaa ./output/./FreeRTOS/FreeRTOS/Demo/Common/Minimal/TaskNotifyArray.o
                0x8000c3c0                vStartTaskNotifyArrayTask
 .text.prvISRAutoReloadTimerCallback
                0x8000c46a        0xc ./output/./FreeRTOS/FreeRTOS/Demo/Common/Minimal/TimerDemo.o
 .text.prvISROneShotTimerCallback
                0x8000c476        0xc ./output/./FreeRTOS/FreeRTOS/Demo/Common/Minimal/TimerDemo.o
 .text.prvOneShotTimerCallback
                0x8000c482       0x54 ./output/./FreeRTOS/FreeRTOS/Demo/Common/Minimal/TimerDemo.o
 .text.prvTimerTestTask
                0x8000c4d6      0x782 ./output/./FreeRTOS/FreeRTOS/Demo/Common/Minimal/TimerDemo.o
 .text.prvAutoReloadTimerCallback
                0x8000cc58       0x72 ./output/./FreeRTOS/FreeRTOS/Demo/Common/Minimal/TimerDemo.o
 .text.vStartTimerDemoTask
                0x8000ccca      0x1fa ./output/./FreeRTOS/FreeRTOS/Demo/Common/Minimal/TimerDemo.o
                0x8000ccca                vStartTimerDemoTask
 .text          0x8000cec4       0xba ./output/./FreeRTOS/FreeRTOS/Source/portable/GCC/RISC-V/portASM.o
                0x8000cec4                pxPortInitialiseStack
                0x8000cf08                xPortStartFirstTask
                0x8000cf62                freertos_risc_v_application_exception_handler
                0x8000cf70                freertos_risc_v_application_interrupt_handler
 .text.freertos_risc_v_exception_handler
                0x8000cf7e      0x136 ./output/./FreeRTOS/FreeRTOS/Source/portable/GCC/RISC-V/portASM.o
                0x8000cf7e                freertos_risc_v_exception_handler
 .text.freertos_risc_v_interrupt_handler
                0x8000d0b4       0xc8 ./output/./FreeRTOS/FreeRTOS/Source/portable/GCC/RISC-V/portASM.o
                0x8000d0b4                freertos_risc_v_interrupt_handler
 .text.freertos_risc_v_mtimer_interrupt_handler
                0x8000d17c       0xf8 ./output/./FreeRTOS/FreeRTOS/Source/portable/GCC/RISC-V/portASM.o
                0x8000d17c                freertos_risc_v_mtimer_interrupt_handler
 *fill*         0x8000d274        0xc 
 .text          0x8000d280       0x80 ./output/./src/vector.o
                0x8000d280                freertos_vector_table
 .text          0x8000d300       0x3c /opt/riscv32/lib/gcc/riscv32-unknown-elf/14.2.0/libgcc.a(_clzsi2.o)
                0x8000d300                __clzsi2
 .text.memcmp   0x8000d33c       0x50 /opt/riscv32/lib/gcc/riscv32-unknown-elf/14.2.0/../../../../riscv32-unknown-elf/lib/libc.a(libc_a-memcmp.o)
                0x8000d33c                memcmp
 .text          0x8000d38c       0xa8 /opt/riscv32/lib/gcc/riscv32-unknown-elf/14.2.0/../../../../riscv32-unknown-elf/lib/libc.a(libc_a-memset.o)
                0x8000d38c                memset
 .text.memcpy   0x8000d434       0xec /opt/riscv32/lib/gcc/riscv32-unknown-elf/14.2.0/../../../../riscv32-unknown-elf/lib/libc.a(libc_a-memcpy.o)
                0x8000d434                memcpy
 .text.strlen   0x8000d520       0x64 /opt/riscv32/lib/gcc/riscv32-unknown-elf/14.2.0/../../../../riscv32-unknown-elf/lib/libc.a(libc_a-strlen.o)
                0x8000d520                strlen
 .text          0x8000d584      0x11e /opt/riscv32/lib/gcc/riscv32-unknown-elf/14.2.0/../../../../riscv32-unknown-elf/lib/libc.a(libc_a-strcmp.o)
                0x8000d584                strcmp
 *(.gnu.linkonce.t.*)

.fini           0x8000d6a2        0x0
 *(SORT_NONE(.fini))
                0x8000d6a2                        _etext = .

.rodata.align   0x8000d6a4        0x0 load address 0x8000d6a2
                0x8000d6a4                        _rodata = .

.rodata.start   0x8000d6a2        0x0
                0x8000d6a2                        _rodata_lma = LOADADDR (.rodata.start)

.rodata         0x8000d6a4      0xd48
 *(.rdata)
 *(.rodata .rodata.*)
 .rodata.prvTaskIsTaskSuspended.str1.4
                0x8000d6a4      0xbdc ./output/./FreeRTOS/FreeRTOS/Source/tasks.o
                                 0x21 (size before relaxing)
 .rodata.vTaskStartScheduler.str1.4
                0x8000e280        0x5 ./output/./FreeRTOS/FreeRTOS/Source/tasks.o
 .rodata.xTaskGenericNotify
                0x8000e280       0x14 ./output/./FreeRTOS/FreeRTOS/Source/tasks.o
 .rodata.xTaskGenericNotifyFromISR
                0x8000e294       0x14 ./output/./FreeRTOS/FreeRTOS/Source/tasks.o
 .rodata.prvNotifyQueueSetContainer.str1.4
                0x8000e2a8       0x21 ./output/./FreeRTOS/FreeRTOS/Source/queue.o
 .rodata.prvCheckForValidListAndQueue.str1.4
                0x8000e2a8        0x5 ./output/./FreeRTOS/FreeRTOS/Source/timers.o
 .rodata.prvTimerTask.str1.4
                0x8000e2a8       0x22 ./output/./FreeRTOS/FreeRTOS/Source/timers.o
 .rodata.prvTimerTask
                0x8000e2a8       0x24 ./output/./FreeRTOS/FreeRTOS/Source/timers.o
 .rodata.xTimerCreateTimerTask.str1.4
                0x8000e2cc        0x8 ./output/./FreeRTOS/FreeRTOS/Source/timers.o
 .rodata.xEventGroupCreateStatic.str1.4
                0x8000e2cc       0x28 ./output/./FreeRTOS/FreeRTOS/Source/event_groups.o
 .rodata.prvWriteBytesToBuffer.str1.4
                0x8000e2cc       0x29 ./output/./FreeRTOS/FreeRTOS/Source/stream_buffer.o
 .rodata.pvPortMalloc.str1.4
                0x8000e2cc       0x33 ./output/./FreeRTOS/FreeRTOS/Source/portable/MemMang/heap_4.o
 .rodata.main.str1.4
                0x8000e2cc       0x1f ./output/./src/main.o
 .rodata.vApplicationMallocFailedHook.str1.4
                0x8000e2cc       0x14 ./output/./src/main.o
 .rodata.vApplicationStackOverflowHook.str1.4
                0x8000e2cc       0x1b ./output/./src/main.o
 .rodata.vAssertCalled.str1.4
                0x8000e2cc       0x1b ./output/./src/main.o
 .rodata.vStackUsageMonitorTask.str1.4
                0x8000e2cc       0x85 ./output/./src/main_tasks.o
 .rodata.vMy_LED_Task1.str1.4
                0x8000e2cc       0x2f ./output/./src/main_tasks.o
 .rodata.vFatWorker.str1.4
                0x8000e2cc       0x1c ./output/./src/main_tasks.o
 .rodata.vMassiveTaskCreator.str1.4
                0x8000e2cc       0x4c ./output/./src/main_tasks.o
 .rodata.vHeapStressTestTask.str1.4
                0x8000e2cc       0x9b ./output/./src/main_tasks.o
 .rodata.main_task.str1.4
                0x8000e2cc       0x19 ./output/./src/main_tasks.o
 .rodata.vMidPriorityTask.str1.4
                0x8000e2cc       0x17 ./output/./src/main_mutex.o
 .rodata.vHighPriorityTask.str1.4
                0x8000e2cc       0x34 ./output/./src/main_mutex.o
 .rodata.vLowPriorityTask.str1.4
                0x8000e2cc       0x61 ./output/./src/main_mutex.o
 .rodata.vStartMyMutexTest.str1.4
                0x8000e2cc       0x39 ./output/./src/main_mutex.o
 .rodata.tiny_print.str1.4
                0x8000e2cc        0x7 ./output/./src/printf-stdarg.o
 .rodata.prvBlockingTask.str1.4
                0x8000e2cc       0x3b ./output/./FreeRTOS/FreeRTOS/Demo/Common/Minimal/AbortDelay.o
 .rodata.prvBlockingTask
                0x8000e2cc       0x20 ./output/./FreeRTOS/FreeRTOS/Demo/Common/Minimal/AbortDelay.o
 .rodata.prvControllingTask.str1.4
                0x8000e2ec        0x7 ./output/./FreeRTOS/FreeRTOS/Demo/Common/Minimal/AbortDelay.o
 .rodata.vCreateBlockTimeTasks.str1.4
                0x8000e2ec       0x23 ./output/./FreeRTOS/FreeRTOS/Demo/Common/Minimal/blocktim.o
 .rodata.prvDecrementSemaphoreCount.str1.4
                0x8000e2ec       0x31 ./output/./FreeRTOS/FreeRTOS/Demo/Common/Minimal/countsem.o
 .rodata.vStartCountingSemaphoreTasks.str1.4
                0x8000e2ec       0x2d ./output/./FreeRTOS/FreeRTOS/Demo/Common/Minimal/countsem.o
 .rodata.vCounterControlTask.str1.4
                0x8000e2ec       0x30 ./output/./FreeRTOS/FreeRTOS/Demo/Common/Minimal/dynamic.o
 .rodata.vStartDynamicPriorityTasks.str1.4
                0x8000e2ec       0x40 ./output/./FreeRTOS/FreeRTOS/Demo/Common/Minimal/dynamic.o
 .rodata.prvSyncTask.str1.4
                0x8000e2ec       0x38 ./output/./FreeRTOS/FreeRTOS/Demo/Common/Minimal/EventGroupsDemo.o
 .rodata.vStartEventGroupTasks.str1.4
                0x8000e2ec       0x15 ./output/./FreeRTOS/FreeRTOS/Demo/Common/Minimal/EventGroupsDemo.o
 .rodata.prvLowPriorityMutexTask.str1.4
                0x8000e2ec       0x31 ./output/./FreeRTOS/FreeRTOS/Demo/Common/Minimal/GenQTest.o
 .rodata.vStartGenericQueueTasks.str1.4
                0x8000e2ec       0x48 ./output/./FreeRTOS/FreeRTOS/Demo/Common/Minimal/GenQTest.o
 .rodata.vInterruptMutexMasterTask.str1.4
                0x8000e2ec       0x33 ./output/./FreeRTOS/FreeRTOS/Demo/Common/Minimal/IntSemTest.o
 .rodata.vStartInterruptSemaphoreTasks.str1.4
                0x8000e2ec       0x17 ./output/./FreeRTOS/FreeRTOS/Demo/Common/Minimal/IntSemTest.o
 .rodata.prvCoreBTasks.str1.4
                0x8000e2ec       0x40 ./output/./FreeRTOS/FreeRTOS/Demo/Common/Minimal/MessageBufferAMP.o
 .rodata.vStartMessageBufferAMPTasks.str1.4
                0x8000e2ec       0x16 ./output/./FreeRTOS/FreeRTOS/Demo/Common/Minimal/MessageBufferAMP.o
 .rodata.prvSpaceAvailableCoherenceTester.str1.4
                0x8000e2ec       0x3a ./output/./FreeRTOS/FreeRTOS/Demo/Common/Minimal/MessageBufferDemo.o
 .rodata.prvSpaceAvailableCoherenceActor.str1.4
                0x8000e2ec        0x6 ./output/./FreeRTOS/FreeRTOS/Demo/Common/Minimal/MessageBufferDemo.o
 .rodata.prvReceiverTask.str1.4
                0x8000e2ec        0x3 ./output/./FreeRTOS/FreeRTOS/Demo/Common/Minimal/MessageBufferDemo.o
 .rodata.prvSingleTaskTests.str1.4
                0x8000e2ec       0x38 ./output/./FreeRTOS/FreeRTOS/Demo/Common/Minimal/MessageBufferDemo.o
 .rodata.prvSenderTask.str1.4
                0x8000e2ec        0xc ./output/./FreeRTOS/FreeRTOS/Demo/Common/Minimal/MessageBufferDemo.o
 .rodata.prvEchoServer.str1.4
                0x8000e2ec        0xb ./output/./FreeRTOS/FreeRTOS/Demo/Common/Minimal/MessageBufferDemo.o
 .rodata.vStartMessageBufferTasks.str1.4
                0x8000e2ec       0x56 ./output/./FreeRTOS/FreeRTOS/Demo/Common/Minimal/MessageBufferDemo.o
 .rodata.vStartPolledQueueTasks.str1.4
                0x8000e2ec       0x20 ./output/./FreeRTOS/FreeRTOS/Demo/Common/Minimal/PollQ.o
 .rodata.vStartQueuePeekTasks.str1.4
                0x8000e2ec       0x33 ./output/./FreeRTOS/FreeRTOS/Demo/Common/Minimal/QPeek.o
 .rodata.prvQueueOverwriteTask.str1.4
                0x8000e2ec       0x37 ./output/./FreeRTOS/FreeRTOS/Demo/Common/Minimal/QueueOverwrite.o
 .rodata.vStartQueueOverwriteTask.str1.4
                0x8000e2ec        0x6 ./output/./FreeRTOS/FreeRTOS/Demo/Common/Minimal/QueueOverwrite.o
 .rodata.prvCheckReceivedValueWithinExpectedRange.str1.4
                0x8000e2ec       0x31 ./output/./FreeRTOS/FreeRTOS/Demo/Common/Minimal/QueueSet.o
 .rodata.vStartQueueSetTasks.str1.4
                0x8000e2ec        0xe ./output/./FreeRTOS/FreeRTOS/Demo/Common/Minimal/QueueSet.o
 .rodata.vStartQueueSetPollingTask.str1.4
                0x8000e2ec        0x8 ./output/./FreeRTOS/FreeRTOS/Demo/Common/Minimal/QueueSetPolling.o
 .rodata.prvRecursiveMutexPollingTask.str1.4
                0x8000e2ec       0x31 ./output/./FreeRTOS/FreeRTOS/Demo/Common/Minimal/recmutex.o
 .rodata.vStartRecursiveMutexTasks.str1.4
                0x8000e2ec       0x25 ./output/./FreeRTOS/FreeRTOS/Demo/Common/Minimal/recmutex.o
 .rodata.vStartSemaphoreTasks.str1.4
                0x8000e2ec       0x3f ./output/./FreeRTOS/FreeRTOS/Demo/Common/Minimal/semtest.o
 .rodata.prvSanityCheckCreatedSemaphore.str1.4
                0x8000e2ec       0x39 ./output/./FreeRTOS/FreeRTOS/Demo/Common/Minimal/StaticAllocation.o
 .rodata.prvStaticallyAllocatedCreator.str1.4
                0x8000e2ec        0xb ./output/./FreeRTOS/FreeRTOS/Demo/Common/Minimal/StaticAllocation.o
 .rodata.vStartStaticallyAllocatedTasks.str1.4
                0x8000e2ec        0xb ./output/./FreeRTOS/FreeRTOS/Demo/Common/Minimal/StaticAllocation.o
 .rodata.prvNonBlockingReceiverTask.str1.4
                0x8000e2ec       0x37 ./output/./FreeRTOS/FreeRTOS/Demo/Common/Minimal/StreamBufferDemo.o
 .rodata.prvInterruptTriggerLevelTest.str1.4
                0x8000e2ec       0x47 ./output/./FreeRTOS/FreeRTOS/Demo/Common/Minimal/StreamBufferDemo.o
 .rodata.prvReceiverTask.str1.4
                0x8000e2ec       0x38 ./output/./FreeRTOS/FreeRTOS/Demo/Common/Minimal/StreamBufferDemo.o
 .rodata.prvSenderTask.str1.4
                0x8000e2ec        0xc ./output/./FreeRTOS/FreeRTOS/Demo/Common/Minimal/StreamBufferDemo.o
 .rodata.prvEchoServer.str1.4
                0x8000e2ec        0xb ./output/./FreeRTOS/FreeRTOS/Demo/Common/Minimal/StreamBufferDemo.o
 .rodata.vStartStreamBufferTasks.str1.4
                0x8000e2ec       0x57 ./output/./FreeRTOS/FreeRTOS/Demo/Common/Minimal/StreamBufferDemo.o
 .rodata.prvReceivingTask.str1.4
                0x8000e2ec       0x4f ./output/./FreeRTOS/FreeRTOS/Demo/Common/Minimal/StreamBufferInterrupt.o
 .rodata.vStartStreamBufferInterruptDemo.str1.4
                0x8000e2ec        0x9 ./output/./FreeRTOS/FreeRTOS/Demo/Common/Minimal/StreamBufferInterrupt.o
 .rodata.prvNotifiedTask.str1.4
                0x8000e2ec       0x4d ./output/./FreeRTOS/FreeRTOS/Demo/Common/Minimal/TaskNotify.o
 .rodata.vStartTaskNotifyTask.str1.4
                0x8000e2ec        0x9 ./output/./FreeRTOS/FreeRTOS/Demo/Common/Minimal/TaskNotify.o
 .rodata.prvNotifiedTask.str1.4
                0x8000e2ec       0x38 ./output/./FreeRTOS/FreeRTOS/Demo/Common/Minimal/TaskNotifyArray.o
 .rodata.vStartTaskNotifyArrayTask.str1.4
                0x8000e2ec       0x2a ./output/./FreeRTOS/FreeRTOS/Demo/Common/Minimal/TaskNotifyArray.o
 .rodata.prvOneShotTimerCallback.str1.4
                0x8000e2ec       0x32 ./output/./FreeRTOS/FreeRTOS/Demo/Common/Minimal/TimerDemo.o
 .rodata.prvTimerTestTask.str1.4
                0x8000e2ec        0xe ./output/./FreeRTOS/FreeRTOS/Demo/Common/Minimal/TimerDemo.o
 .rodata.vStartTimerDemoTask.str1.4
                0x8000e2ec       0x24 ./output/./FreeRTOS/FreeRTOS/Demo/Common/Minimal/TimerDemo.o
 .rodata        0x8000e2ec      0x100 /opt/riscv32/lib/gcc/riscv32-unknown-elf/14.2.0/libgcc.a(_clz.o)
                0x8000e2ec                __clz_tab
 *(.gnu.linkonce.r.*)
                0x8000e3ec                        . = ALIGN (0x4)
                0x8000e3ec                        _erodata = .

.rela.dyn       0x8000e3ec        0x0
 .rela.init     0x8000e3ec        0x0 ./output/./FreeRTOS/FreeRTOS/Source/tasks.o

.tdata          0x8000e3ec        0x0
 *(.tdata .tdata.*)

.tbss           0x8000e3ec        0x0
 *(.tbss .tbss.* .gnu.linkonce.tb.*)
 *(.tcommon)
                [!provide]                        PROVIDE (__tbss_end = .)
                [!provide]                        PROVIDE (__tls_end = .)
                [!provide]                        PROVIDE (__tdata_source = LOADADDR (.tdata))
                [!provide]                        PROVIDE (__tdata_source_end = (LOADADDR (.tdata) + SIZEOF (.tdata)))
                [!provide]                        PROVIDE (__tdata_size = SIZEOF (.tdata))
                [!provide]                        PROVIDE (__tbss_offset = (ADDR (.tbss) - ADDR (.tdata)))
                [!provide]                        PROVIDE (__tbss_start = ADDR (.tbss))
                [!provide]                        PROVIDE (__tbss_size = SIZEOF (.tbss))
                [!provide]                        PROVIDE (__tls_size = (__tls_end - ADDR (.tdata)))
                [!provide]                        PROVIDE (__tls_align = MAX (ALIGNOF (.tdata), ALIGNOF (.tbss)))

.data.align     0x80080000        0x0 load address 0x8000e3ec
                0x80080000                        . = ALIGN (0x4)
                0x80080000                        _data = .

.data.start     0x80080000        0x0 load address 0x8000e3ec
                0x8000e3ec                        _data_lma = LOADADDR (.data.start)

.data           0x80080000       0x3c load address 0x8000e3ec
 *(.data .data.*)
 *(.gnu.linkonce.d.*)
                0x80080000                        . = ALIGN (0x8)
                0x80080800                        PROVIDE (__global_pointer$ = (. + 0x800))
 *(.sdata .sdata.*)
 .sdata.pxCriticalNesting
                0x80080000        0x4 ./output/./FreeRTOS/FreeRTOS/Source/portable/GCC/RISC-V/port.o
                0x80080000                pxCriticalNesting
 .sdata.xCriticalNesting
                0x80080004        0x4 ./output/./FreeRTOS/FreeRTOS/Source/portable/GCC/RISC-V/port.o
                0x80080004                xCriticalNesting
 .sdata.pullNextTime
                0x80080008        0x4 ./output/./FreeRTOS/FreeRTOS/Source/portable/GCC/RISC-V/port.o
                0x80080008                pullNextTime
 .sdata.dev     0x8008000c        0x4 ./output/./src/printf-stdarg.o
 .sdata.xDemoStatus
                0x80080010        0x4 ./output/./FreeRTOS/FreeRTOS/Demo/Common/Minimal/MessageBufferAMP.o
                0x80080010                xDemoStatus
 .sdata.ulExpectedReceivedFromISR.8
                0x80080014        0x4 ./output/./FreeRTOS/FreeRTOS/Demo/Common/Minimal/QueueSet.o
 .sdata.xQueueSetTasksStatus
                0x80080018        0x4 ./output/./FreeRTOS/FreeRTOS/Demo/Common/Minimal/QueueSet.o
 .sdata.xQueueSetPollStatus
                0x8008001c        0x4 ./output/./FreeRTOS/FreeRTOS/Demo/Common/Minimal/QueueSetPolling.o
 .sdata.xErrorStatus
                0x80080020        0x4 ./output/./FreeRTOS/FreeRTOS/Demo/Common/Minimal/StreamBufferDemo.o
 .sdata.xDemoStatus
                0x80080024        0x4 ./output/./FreeRTOS/FreeRTOS/Demo/Common/Minimal/StreamBufferInterrupt.o
 .sdata.xErrorStatus
                0x80080028        0x4 ./output/./FreeRTOS/FreeRTOS/Demo/Common/Minimal/TaskNotify.o
 .sdata.xTestStatus
                0x8008002c        0x4 ./output/./FreeRTOS/FreeRTOS/Demo/Common/Minimal/TimerDemo.o
 *(.sdata2 .sdata2.*)
 *(.gnu.linkonce.s.*)
                0x80080030                        . = ALIGN (0x8)
 *(.srodata.cst16)
 *(.srodata.cst8)
 *(.srodata.cst4)
 *(.srodata.cst2)
 *(.srodata .srodata.*)
 .srodata.uxTopUsedPriority
                0x80080030        0x4 ./output/./FreeRTOS/FreeRTOS/Source/tasks.o
 .srodata.uxTimerIncrementsForOneTick
                0x80080034        0x4 ./output/./FreeRTOS/FreeRTOS/Source/portable/GCC/RISC-V/port.o
                0x80080034                uxTimerIncrementsForOneTick
 .srodata.xISRStackTop
                0x80080038        0x4 ./output/./FreeRTOS/FreeRTOS/Source/portable/GCC/RISC-V/port.o
                0x80080038                xISRStackTop
                0x8008003c                        . = ALIGN (0x4)
                0x8008003c                        _edata = .

.bss.align      0x8008003c        0x0 load address 0x8000e428
                0x8008003c                        . = ALIGN (0x4)
                0x8008003c                        _bss = .

.bss.start      0x8008003c        0x0 load address 0x8000e428
                0x8000e428                        _bss_lma = LOADADDR (.bss.start)

.bss            0x80080040    0x15a20 load address 0x8000e428
 *(.sbss*)
 .sbss.uxSchedulerSuspended
                0x80080040        0x4 ./output/./FreeRTOS/FreeRTOS/Source/tasks.o
 .sbss.xIdleTaskHandles
                0x80080044        0x4 ./output/./FreeRTOS/FreeRTOS/Source/tasks.o
 .sbss.xNextTaskUnblockTime
                0x80080048        0x4 ./output/./FreeRTOS/FreeRTOS/Source/tasks.o
 .sbss.uxTaskNumber
                0x8008004c        0x4 ./output/./FreeRTOS/FreeRTOS/Source/tasks.o
 .sbss.xNumOfOverflows
                0x80080050        0x4 ./output/./FreeRTOS/FreeRTOS/Source/tasks.o
 .sbss.xYieldPendings
                0x80080054        0x4 ./output/./FreeRTOS/FreeRTOS/Source/tasks.o
 .sbss.xPendedTicks
                0x80080058        0x4 ./output/./FreeRTOS/FreeRTOS/Source/tasks.o
 .sbss.xSchedulerRunning
                0x8008005c        0x4 ./output/./FreeRTOS/FreeRTOS/Source/tasks.o
 .sbss.uxTopReadyPriority
                0x80080060        0x4 ./output/./FreeRTOS/FreeRTOS/Source/tasks.o
 .sbss.xTickCount
                0x80080064        0x4 ./output/./FreeRTOS/FreeRTOS/Source/tasks.o
 .sbss.uxCurrentNumberOfTasks
                0x80080068        0x4 ./output/./FreeRTOS/FreeRTOS/Source/tasks.o
 .sbss.uxDeletedTasksWaitingCleanUp
                0x8008006c        0x4 ./output/./FreeRTOS/FreeRTOS/Source/tasks.o
 .sbss.pxOverflowDelayedTaskList
                0x80080070        0x4 ./output/./FreeRTOS/FreeRTOS/Source/tasks.o
 .sbss.pxDelayedTaskList
                0x80080074        0x4 ./output/./FreeRTOS/FreeRTOS/Source/tasks.o
 .sbss.pxCurrentTCB
                0x80080078        0x4 ./output/./FreeRTOS/FreeRTOS/Source/tasks.o
                0x80080078                pxCurrentTCB
 .sbss.xLastTime.2
                0x8008007c        0x4 ./output/./FreeRTOS/FreeRTOS/Source/timers.o
 .sbss.xTimerTaskHandle
                0x80080080        0x4 ./output/./FreeRTOS/FreeRTOS/Source/timers.o
 .sbss.xTimerQueue
                0x80080084        0x4 ./output/./FreeRTOS/FreeRTOS/Source/timers.o
 .sbss.pxOverflowTimerList
                0x80080088        0x4 ./output/./FreeRTOS/FreeRTOS/Source/timers.o
 .sbss.pxCurrentTimerList
                0x8008008c        0x4 ./output/./FreeRTOS/FreeRTOS/Source/timers.o
 .sbss.xNumberOfSuccessfulFrees
                0x80080090        0x4 ./output/./FreeRTOS/FreeRTOS/Source/portable/MemMang/heap_4.o
 .sbss.xNumberOfSuccessfulAllocations
                0x80080094        0x4 ./output/./FreeRTOS/FreeRTOS/Source/portable/MemMang/heap_4.o
 .sbss.xMinimumEverFreeBytesRemaining
                0x80080098        0x4 ./output/./FreeRTOS/FreeRTOS/Source/portable/MemMang/heap_4.o
 .sbss.xFreeBytesRemaining
                0x8008009c        0x4 ./output/./FreeRTOS/FreeRTOS/Source/portable/MemMang/heap_4.o
 .sbss.pxEnd    0x800800a0        0x4 ./output/./FreeRTOS/FreeRTOS/Source/portable/MemMang/heap_4.o
 .sbss.xStart   0x800800a4        0x8 ./output/./FreeRTOS/FreeRTOS/Source/portable/MemMang/heap_4.o
 .sbss.xTaskReturnAddress
                0x800800ac        0x4 ./output/./FreeRTOS/FreeRTOS/Source/portable/GCC/RISC-V/port.o
                0x800800ac                xTaskReturnAddress
 .sbss.pullMachineTimerCompareRegister
                0x800800b0        0x4 ./output/./FreeRTOS/FreeRTOS/Source/portable/GCC/RISC-V/port.o
                0x800800b0                pullMachineTimerCompareRegister
 *fill*         0x800800b4        0x4 
 .sbss.ullNextTime
                0x800800b8        0x8 ./output/./FreeRTOS/FreeRTOS/Source/portable/GCC/RISC-V/port.o
                0x800800b8                ullNextTime
 .sbss.maxUsage_SLOW
                0x800800c0        0x4 ./output/./src/main_tasks.o
 .sbss.maxUsage_FAST
                0x800800c4        0x4 ./output/./src/main_tasks.o
 .sbss.xISRNotifyTaskHandle
                0x800800c8        0x4 ./output/./src/main_isr.o
 .sbss.xMutex   0x800800cc        0x4 ./output/./src/main_mutex.o
 .sbss.ucStorageBuffer.2
                0x800800d0        0x5 ./output/./FreeRTOS/FreeRTOS/Demo/Common/Minimal/AbortDelay.o
 *fill*         0x800800d5        0x3 
 .sbss.ucQueueStorage.4
                0x800800d8        0x1 ./output/./FreeRTOS/FreeRTOS/Demo/Common/Minimal/AbortDelay.o
 *fill*         0x800800d9        0x3 
 .sbss.xErrorOccurred
                0x800800dc        0x4 ./output/./FreeRTOS/FreeRTOS/Demo/Common/Minimal/AbortDelay.o
 .sbss.xBlockingCycles
                0x800800e0        0x4 ./output/./FreeRTOS/FreeRTOS/Demo/Common/Minimal/AbortDelay.o
 .sbss.xControllingCycles
                0x800800e4        0x4 ./output/./FreeRTOS/FreeRTOS/Demo/Common/Minimal/AbortDelay.o
 .sbss.xRunIndicator
                0x800800e8        0x4 ./output/./FreeRTOS/FreeRTOS/Demo/Common/Minimal/blocktim.o
 .sbss.xErrorOccurred
                0x800800ec        0x4 ./output/./FreeRTOS/FreeRTOS/Demo/Common/Minimal/blocktim.o
 .sbss.xSecondaryCycles
                0x800800f0        0x4 ./output/./FreeRTOS/FreeRTOS/Demo/Common/Minimal/blocktim.o
 .sbss.xPrimaryCycles
                0x800800f4        0x4 ./output/./FreeRTOS/FreeRTOS/Demo/Common/Minimal/blocktim.o
 .sbss.xSecondary
                0x800800f8        0x4 ./output/./FreeRTOS/FreeRTOS/Demo/Common/Minimal/blocktim.o
 .sbss.xTestQueue
                0x800800fc        0x4 ./output/./FreeRTOS/FreeRTOS/Demo/Common/Minimal/blocktim.o
 .sbss.xErrorDetected
                0x80080100        0x4 ./output/./FreeRTOS/FreeRTOS/Demo/Common/Minimal/countsem.o
 .sbss.ulValueToSend.2
                0x80080104        0x4 ./output/./FreeRTOS/FreeRTOS/Demo/Common/Minimal/dynamic.o
 .sbss.ulExpectedValue
                0x80080108        0x4 ./output/./FreeRTOS/FreeRTOS/Demo/Common/Minimal/dynamic.o
 .sbss.xSuspendedTestQueue
                0x8008010c        0x4 ./output/./FreeRTOS/FreeRTOS/Demo/Common/Minimal/dynamic.o
                0x8008010c                xSuspendedTestQueue
 .sbss.xSuspendedQueueReceiveError
                0x80080110        0x4 ./output/./FreeRTOS/FreeRTOS/Demo/Common/Minimal/dynamic.o
 .sbss.xSuspendedQueueSendError
                0x80080114        0x4 ./output/./FreeRTOS/FreeRTOS/Demo/Common/Minimal/dynamic.o
 .sbss.usCheckVariable
                0x80080118        0x2 ./output/./FreeRTOS/FreeRTOS/Demo/Common/Minimal/dynamic.o
 *fill*         0x8008011a        0x2 
 .sbss.ulCounter
                0x8008011c        0x4 ./output/./FreeRTOS/FreeRTOS/Demo/Common/Minimal/dynamic.o
 .sbss.xLimitedIncrementHandle
                0x80080120        0x4 ./output/./FreeRTOS/FreeRTOS/Demo/Common/Minimal/dynamic.o
 .sbss.xContinuousIncrementHandle
                0x80080124        0x4 ./output/./FreeRTOS/FreeRTOS/Demo/Common/Minimal/dynamic.o
 .sbss.xSyncTask2
                0x80080128        0x4 ./output/./FreeRTOS/FreeRTOS/Demo/Common/Minimal/EventGroupsDemo.o
 .sbss.xSyncTask1
                0x8008012c        0x4 ./output/./FreeRTOS/FreeRTOS/Demo/Common/Minimal/EventGroupsDemo.o
 .sbss.xISREventGroup
                0x80080130        0x4 ./output/./FreeRTOS/FreeRTOS/Demo/Common/Minimal/EventGroupsDemo.o
 .sbss.xEventGroup
                0x80080134        0x4 ./output/./FreeRTOS/FreeRTOS/Demo/Common/Minimal/EventGroupsDemo.o
 .sbss.ulTestSlaveCycles
                0x80080138        0x4 ./output/./FreeRTOS/FreeRTOS/Demo/Common/Minimal/EventGroupsDemo.o
 .sbss.ulTestMasterCycles
                0x8008013c        0x4 ./output/./FreeRTOS/FreeRTOS/Demo/Common/Minimal/EventGroupsDemo.o
 .sbss.uxLoopCount.2
                0x80080140        0x4 ./output/./FreeRTOS/FreeRTOS/Demo/Common/Minimal/GenQTest.o
 .sbss.xBlockWasAborted
                0x80080144        0x4 ./output/./FreeRTOS/FreeRTOS/Demo/Common/Minimal/GenQTest.o
 .sbss.xSecondMediumPriorityMutexTask
                0x80080148        0x4 ./output/./FreeRTOS/FreeRTOS/Demo/Common/Minimal/GenQTest.o
 .sbss.xMediumPriorityMutexTask
                0x8008014c        0x4 ./output/./FreeRTOS/FreeRTOS/Demo/Common/Minimal/GenQTest.o
 .sbss.xHighPriorityMutexTask
                0x80080150        0x4 ./output/./FreeRTOS/FreeRTOS/Demo/Common/Minimal/GenQTest.o
 .sbss.ulGuardedVariable
                0x80080154        0x4 ./output/./FreeRTOS/FreeRTOS/Demo/Common/Minimal/GenQTest.o
 .sbss.ulLoopCounter2
                0x80080158        0x4 ./output/./FreeRTOS/FreeRTOS/Demo/Common/Minimal/GenQTest.o
 .sbss.ulLoopCounter
                0x8008015c        0x4 ./output/./FreeRTOS/FreeRTOS/Demo/Common/Minimal/GenQTest.o
 .sbss.xErrorDetected
                0x80080160        0x4 ./output/./FreeRTOS/FreeRTOS/Demo/Common/Minimal/GenQTest.o
 .sbss.xOkToGiveCountingSemaphore
                0x80080164        0x4 ./output/./FreeRTOS/FreeRTOS/Demo/Common/Minimal/IntSemTest.o
 .sbss.xOkToGiveMutex
                0x80080168        0x4 ./output/./FreeRTOS/FreeRTOS/Demo/Common/Minimal/IntSemTest.o
 .sbss.xMasterSlaveMutex
                0x8008016c        0x4 ./output/./FreeRTOS/FreeRTOS/Demo/Common/Minimal/IntSemTest.o
 .sbss.xISRCountingSemaphore
                0x80080170        0x4 ./output/./FreeRTOS/FreeRTOS/Demo/Common/Minimal/IntSemTest.o
 .sbss.xISRMutex
                0x80080174        0x4 ./output/./FreeRTOS/FreeRTOS/Demo/Common/Minimal/IntSemTest.o
 .sbss.xSlaveHandle
                0x80080178        0x4 ./output/./FreeRTOS/FreeRTOS/Demo/Common/Minimal/IntSemTest.o
 .sbss.ulCountingSemaphoreLoops
                0x8008017c        0x4 ./output/./FreeRTOS/FreeRTOS/Demo/Common/Minimal/IntSemTest.o
 .sbss.ulMasterLoops
                0x80080180        0x4 ./output/./FreeRTOS/FreeRTOS/Demo/Common/Minimal/IntSemTest.o
 .sbss.xErrorDetected
                0x80080184        0x4 ./output/./FreeRTOS/FreeRTOS/Demo/Common/Minimal/IntSemTest.o
 .sbss.ulCycleCounters
                0x80080188        0x8 ./output/./FreeRTOS/FreeRTOS/Demo/Common/Minimal/MessageBufferAMP.o
 .sbss.xControlMessageBuffer
                0x80080190        0x4 ./output/./FreeRTOS/FreeRTOS/Demo/Common/Minimal/MessageBufferAMP.o
 .sbss.xCoreBMessageBuffers
                0x80080194        0x8 ./output/./FreeRTOS/FreeRTOS/Demo/Common/Minimal/MessageBufferAMP.o
 .sbss.xBlockingStackSize
                0x8008019c        0x4 ./output/./FreeRTOS/FreeRTOS/Demo/Common/Minimal/MessageBufferDemo.o
 .sbss.ulNonBlockingRxCounter
                0x800801a0        0x4 ./output/./FreeRTOS/FreeRTOS/Demo/Common/Minimal/MessageBufferDemo.o
 .sbss.ulEchoLoopCounters
                0x800801a4        0x8 ./output/./FreeRTOS/FreeRTOS/Demo/Common/Minimal/MessageBufferDemo.o
 .sbss.ulSizeCoherencyTestCycles
                0x800801ac        0x4 ./output/./FreeRTOS/FreeRTOS/Demo/Common/Minimal/MessageBufferDemo.o
 .sbss.xCoherenceTestMessageBuffer
                0x800801b0        0x4 ./output/./FreeRTOS/FreeRTOS/Demo/Common/Minimal/MessageBufferDemo.o
 .sbss.ulSenderLoopCounters
                0x800801b4        0x8 ./output/./FreeRTOS/FreeRTOS/Demo/Common/Minimal/MessageBufferDemo.o
 .sbss.xPolledQueue.0
                0x800801bc        0x4 ./output/./FreeRTOS/FreeRTOS/Demo/Common/Minimal/PollQ.o
 .sbss.xPollingProducerCount
                0x800801c0        0x4 ./output/./FreeRTOS/FreeRTOS/Demo/Common/Minimal/PollQ.o
 .sbss.xPollingConsumerCount
                0x800801c4        0x4 ./output/./FreeRTOS/FreeRTOS/Demo/Common/Minimal/PollQ.o
 .sbss.xHighestPriorityTask
                0x800801c8        0x4 ./output/./FreeRTOS/FreeRTOS/Demo/Common/Minimal/QPeek.o
                0x800801c8                xHighestPriorityTask
 .sbss.xHighPriorityTask
                0x800801cc        0x4 ./output/./FreeRTOS/FreeRTOS/Demo/Common/Minimal/QPeek.o
                0x800801cc                xHighPriorityTask
 .sbss.xMediumPriorityTask
                0x800801d0        0x4 ./output/./FreeRTOS/FreeRTOS/Demo/Common/Minimal/QPeek.o
                0x800801d0                xMediumPriorityTask
 .sbss.ulLoopCounter
                0x800801d4        0x4 ./output/./FreeRTOS/FreeRTOS/Demo/Common/Minimal/QPeek.o
 .sbss.xErrorDetected
                0x800801d8        0x4 ./output/./FreeRTOS/FreeRTOS/Demo/Common/Minimal/QPeek.o
 .sbss.xISRQueue
                0x800801dc        0x4 ./output/./FreeRTOS/FreeRTOS/Demo/Common/Minimal/QueueOverwrite.o
 .sbss.ulLoopCounter
                0x800801e0        0x4 ./output/./FreeRTOS/FreeRTOS/Demo/Common/Minimal/QueueOverwrite.o
 .sbss.ePriorities.5
                0x800801e4        0x4 ./output/./FreeRTOS/FreeRTOS/Demo/Common/Minimal/QueueSet.o
 .sbss.ulLoops.6
                0x800801e8        0x4 ./output/./FreeRTOS/FreeRTOS/Demo/Common/Minimal/QueueSet.o
 .sbss.ulExpectedReceivedFromTask.7
                0x800801ec        0x4 ./output/./FreeRTOS/FreeRTOS/Demo/Common/Minimal/QueueSet.o
 .sbss.xQueueSetReceivingTask
                0x800801f0        0x4 ./output/./FreeRTOS/FreeRTOS/Demo/Common/Minimal/QueueSet.o
                0x800801f0                xQueueSetReceivingTask
 .sbss.xQueueSetSendingTask
                0x800801f4        0x4 ./output/./FreeRTOS/FreeRTOS/Demo/Common/Minimal/QueueSet.o
                0x800801f4                xQueueSetSendingTask
 .sbss.uxNextRand
                0x800801f8        0x4 ./output/./FreeRTOS/FreeRTOS/Demo/Common/Minimal/QueueSet.o
 .sbss.xSetupComplete
                0x800801fc        0x4 ./output/./FreeRTOS/FreeRTOS/Demo/Common/Minimal/QueueSet.o
 .sbss.ulCycleCounter
                0x80080200        0x4 ./output/./FreeRTOS/FreeRTOS/Demo/Common/Minimal/QueueSet.o
 .sbss.xQueueSet
                0x80080204        0x4 ./output/./FreeRTOS/FreeRTOS/Demo/Common/Minimal/QueueSet.o
 .sbss.ulCycleCounter
                0x80080208        0x4 ./output/./FreeRTOS/FreeRTOS/Demo/Common/Minimal/QueueSetPolling.o
 .sbss.xQueueSet
                0x8008020c        0x4 ./output/./FreeRTOS/FreeRTOS/Demo/Common/Minimal/QueueSetPolling.o
 .sbss.xQueue   0x80080210        0x4 ./output/./FreeRTOS/FreeRTOS/Demo/Common/Minimal/QueueSetPolling.o
 .sbss.xBlockingTaskHandle
                0x80080214        0x4 ./output/./FreeRTOS/FreeRTOS/Demo/Common/Minimal/recmutex.o
 .sbss.xControllingTaskHandle
                0x80080218        0x4 ./output/./FreeRTOS/FreeRTOS/Demo/Common/Minimal/recmutex.o
 .sbss.uxPollingCycles
                0x8008021c        0x4 ./output/./FreeRTOS/FreeRTOS/Demo/Common/Minimal/recmutex.o
 .sbss.uxBlockingCycles
                0x80080220        0x4 ./output/./FreeRTOS/FreeRTOS/Demo/Common/Minimal/recmutex.o
 .sbss.uxControllingCycles
                0x80080224        0x4 ./output/./FreeRTOS/FreeRTOS/Demo/Common/Minimal/recmutex.o
 .sbss.xBlockingIsSuspended
                0x80080228        0x4 ./output/./FreeRTOS/FreeRTOS/Demo/Common/Minimal/recmutex.o
 .sbss.xControllingIsSuspended
                0x8008022c        0x4 ./output/./FreeRTOS/FreeRTOS/Demo/Common/Minimal/recmutex.o
 .sbss.xErrorOccurred
                0x80080230        0x4 ./output/./FreeRTOS/FreeRTOS/Demo/Common/Minimal/recmutex.o
 .sbss.xMutex   0x80080234        0x4 ./output/./FreeRTOS/FreeRTOS/Demo/Common/Minimal/recmutex.o
 .sbss.sNextCheckVariable
                0x80080238        0x2 ./output/./FreeRTOS/FreeRTOS/Demo/Common/Minimal/semtest.o
 *fill*         0x8008023a        0x2 
 .sbss.sCheckVariables
                0x8008023c        0x8 ./output/./FreeRTOS/FreeRTOS/Demo/Common/Minimal/semtest.o
 .sbss.xErrorOccurred
                0x80080244        0x4 ./output/./FreeRTOS/FreeRTOS/Demo/Common/Minimal/StaticAllocation.o
 .sbss.uxCycleCounter
                0x80080248        0x4 ./output/./FreeRTOS/FreeRTOS/Demo/Common/Minimal/StaticAllocation.o
 .sbss.ulNextRand
                0x8008024c        0x4 ./output/./FreeRTOS/FreeRTOS/Demo/Common/Minimal/StaticAllocation.o
 .sbss.xInterruptStreamBuffer
                0x80080250        0x4 ./output/./FreeRTOS/FreeRTOS/Demo/Common/Minimal/StreamBufferDemo.o
 .sbss.ulInterruptTriggerCounter
                0x80080254        0x4 ./output/./FreeRTOS/FreeRTOS/Demo/Common/Minimal/StreamBufferDemo.o
 .sbss.ulNonBlockingRxCounter
                0x80080258        0x4 ./output/./FreeRTOS/FreeRTOS/Demo/Common/Minimal/StreamBufferDemo.o
 .sbss.ulEchoLoopCounters
                0x8008025c        0x8 ./output/./FreeRTOS/FreeRTOS/Demo/Common/Minimal/StreamBufferDemo.o
 .sbss.ulSenderLoopCounters
                0x80080264        0x8 ./output/./FreeRTOS/FreeRTOS/Demo/Common/Minimal/StreamBufferDemo.o
 .sbss.ulCycleCount
                0x8008026c        0x4 ./output/./FreeRTOS/FreeRTOS/Demo/Common/Minimal/StreamBufferInterrupt.o
 .sbss.xStreamBuffer
                0x80080270        0x4 ./output/./FreeRTOS/FreeRTOS/Demo/Common/Minimal/StreamBufferInterrupt.o
 .sbss.ulCallCount.3
                0x80080274        0x4 ./output/./FreeRTOS/FreeRTOS/Demo/Common/Minimal/TaskNotify.o
 .sbss.uxNextRand
                0x80080278        0x4 ./output/./FreeRTOS/FreeRTOS/Demo/Common/Minimal/TaskNotify.o
 .sbss.xTimer   0x8008027c        0x4 ./output/./FreeRTOS/FreeRTOS/Demo/Common/Minimal/TaskNotify.o
 .sbss.ulTimerNotificationsSent
                0x80080280        0x4 ./output/./FreeRTOS/FreeRTOS/Demo/Common/Minimal/TaskNotify.o
 .sbss.ulTimerNotificationsReceived
                0x80080284        0x4 ./output/./FreeRTOS/FreeRTOS/Demo/Common/Minimal/TaskNotify.o
 .sbss.xTaskToNotify
                0x80080288        0x4 ./output/./FreeRTOS/FreeRTOS/Demo/Common/Minimal/TaskNotify.o
 .sbss.ulNotifyCycleCount
                0x8008028c        0x4 ./output/./FreeRTOS/FreeRTOS/Demo/Common/Minimal/TaskNotify.o
 .sbss.uxIndexToNotify.6
                0x80080290        0x4 ./output/./FreeRTOS/FreeRTOS/Demo/Common/Minimal/TaskNotifyArray.o
 .sbss.ulCallCount.7
                0x80080294        0x4 ./output/./FreeRTOS/FreeRTOS/Demo/Common/Minimal/TaskNotifyArray.o
 .sbss.uxIndexToNotify.8
                0x80080298        0x4 ./output/./FreeRTOS/FreeRTOS/Demo/Common/Minimal/TaskNotifyArray.o
 .sbss.xSendNotificationFromISR
                0x8008029c        0x4 ./output/./FreeRTOS/FreeRTOS/Demo/Common/Minimal/TaskNotifyArray.o
 .sbss.uxNextRand
                0x800802a0        0x4 ./output/./FreeRTOS/FreeRTOS/Demo/Common/Minimal/TaskNotifyArray.o
 .sbss.xNotifyWhileSuspendedTimer
                0x800802a4        0x4 ./output/./FreeRTOS/FreeRTOS/Demo/Common/Minimal/TaskNotifyArray.o
 .sbss.xIncrementingIndexTimer
                0x800802a8        0x4 ./output/./FreeRTOS/FreeRTOS/Demo/Common/Minimal/TaskNotifyArray.o
 .sbss.xTaskToNotify
                0x800802ac        0x4 ./output/./FreeRTOS/FreeRTOS/Demo/Common/Minimal/TaskNotifyArray.o
 .sbss.ulCourseCycleCounter
                0x800802b0        0x4 ./output/./FreeRTOS/FreeRTOS/Demo/Common/Minimal/TaskNotifyArray.o
 .sbss.ulFineCycleCount
                0x800802b4        0x4 ./output/./FreeRTOS/FreeRTOS/Demo/Common/Minimal/TaskNotifyArray.o
 .sbss.uxCallCount.4
                0x800802b8        0x4 ./output/./FreeRTOS/FreeRTOS/Demo/Common/Minimal/TimerDemo.o
 .sbss.xBasePeriod
                0x800802bc        0x4 ./output/./FreeRTOS/FreeRTOS/Demo/Common/Minimal/TimerDemo.o
 .sbss.ucISROneShotTimerCounter
                0x800802c0        0x1 ./output/./FreeRTOS/FreeRTOS/Demo/Common/Minimal/TimerDemo.o
 *fill*         0x800802c1        0x3 
 .sbss.xISROneShotTimer
                0x800802c4        0x4 ./output/./FreeRTOS/FreeRTOS/Demo/Common/Minimal/TimerDemo.o
 .sbss.ucISRAutoReloadTimerCounter
                0x800802c8        0x1 ./output/./FreeRTOS/FreeRTOS/Demo/Common/Minimal/TimerDemo.o
 *fill*         0x800802c9        0x3 
 .sbss.xISRAutoReloadTimer
                0x800802cc        0x4 ./output/./FreeRTOS/FreeRTOS/Demo/Common/Minimal/TimerDemo.o
 .sbss.ucOneShotTimerCounter
                0x800802d0        0x1 ./output/./FreeRTOS/FreeRTOS/Demo/Common/Minimal/TimerDemo.o
 *fill*         0x800802d1        0x3 
 .sbss.xOneShotTimer
                0x800802d4        0x4 ./output/./FreeRTOS/FreeRTOS/Demo/Common/Minimal/TimerDemo.o
 .sbss.ucIsStopNeededInTimerZeroCallback
                0x800802d8        0x1 ./output/./FreeRTOS/FreeRTOS/Demo/Common/Minimal/TimerDemo.o
 *fill*         0x800802d9        0x3 
 .sbss.ulLoopCounter
                0x800802dc        0x4 ./output/./FreeRTOS/FreeRTOS/Demo/Common/Minimal/TimerDemo.o
 .sbss.ucIsBacklogDemoEnabled
                0x800802e0        0x1 ./output/./FreeRTOS/FreeRTOS/Demo/Common/Minimal/TimerDemo.o
 *(.gnu.linkonce.sb.*)
 *(.bss .bss.*)
 *fill*         0x800802e1        0x3 
 .bss.xSuspendedTaskList
                0x800802e4       0x14 ./output/./FreeRTOS/FreeRTOS/Source/tasks.o
 .bss.xTasksWaitingTermination
                0x800802f8       0x14 ./output/./FreeRTOS/FreeRTOS/Source/tasks.o
 .bss.xPendingReadyList
                0x8008030c       0x14 ./output/./FreeRTOS/FreeRTOS/Source/tasks.o
 .bss.xDelayedTaskList2
                0x80080320       0x14 ./output/./FreeRTOS/FreeRTOS/Source/tasks.o
 .bss.xDelayedTaskList1
                0x80080334       0x14 ./output/./FreeRTOS/FreeRTOS/Source/tasks.o
 .bss.pxReadyTasksLists
                0x80080348       0xb4 ./output/./FreeRTOS/FreeRTOS/Source/tasks.o
 .bss.xQueueRegistry
                0x800803fc       0x50 ./output/./FreeRTOS/FreeRTOS/Source/queue.o
                0x800803fc                xQueueRegistry
 .bss.xStaticTimerQueue.0
                0x8008044c       0x54 ./output/./FreeRTOS/FreeRTOS/Source/timers.o
 .bss.ucStaticTimerQueueStorage.1
                0x800804a0      0x140 ./output/./FreeRTOS/FreeRTOS/Source/timers.o
 .bss.xActiveTimerList2
                0x800805e0       0x14 ./output/./FreeRTOS/FreeRTOS/Source/timers.o
 .bss.xActiveTimerList1
                0x800805f4       0x14 ./output/./FreeRTOS/FreeRTOS/Source/timers.o
 .bss.ucHeap    0x80080608    0x14000 ./output/./FreeRTOS/FreeRTOS/Source/portable/MemMang/heap_4.o
 *fill*         0x80094608        0x8 
 .bss.xISRStack
                0x80094610      0x4b0 ./output/./FreeRTOS/FreeRTOS/Source/portable/GCC/RISC-V/port.o
 .bss.uxTimerTaskStack.0
                0x80094ac0      0x3c0 ./output/./src/main.o
 .bss.xTimerTaskTCB.1
                0x80094e80       0x64 ./output/./src/main.o
 .bss.uxIdleTaskStack.2
                0x80094ee4      0x1e0 ./output/./src/main.o
 .bss.xIdleTaskTCB.3
                0x800950c4       0x64 ./output/./src/main.o
 .bss.xQueueBuffer.3
                0x80095128       0x54 ./output/./FreeRTOS/FreeRTOS/Demo/Common/Minimal/AbortDelay.o
 .bss.xEventGroupBuffer.5
                0x8009517c       0x20 ./output/./FreeRTOS/FreeRTOS/Demo/Common/Minimal/AbortDelay.o
 .bss.xSemaphoreBuffer.6
                0x8009519c       0x54 ./output/./FreeRTOS/FreeRTOS/Demo/Common/Minimal/AbortDelay.o
 .bss.xParameters
                0x800951f0       0x18 ./output/./FreeRTOS/FreeRTOS/Demo/Common/Minimal/countsem.o
 .bss.ucBufferStorage
                0x80095208       0x66 ./output/./FreeRTOS/FreeRTOS/Demo/Common/Minimal/MessageBufferDemo.o
 *fill*         0x8009526e        0x2 
 .bss.xStaticMessageBuffers
                0x80095270       0x50 ./output/./FreeRTOS/FreeRTOS/Demo/Common/Minimal/MessageBufferDemo.o
 .bss.ulQueueUsedCounter
                0x800952c0        0xc ./output/./FreeRTOS/FreeRTOS/Demo/Common/Minimal/QueueSet.o
 .bss.xQueues   0x800952cc        0xc ./output/./FreeRTOS/FreeRTOS/Demo/Common/Minimal/QueueSet.o
 .bss.xStaticQueue.1
                0x800952d8       0x54 ./output/./FreeRTOS/FreeRTOS/Demo/Common/Minimal/StaticAllocation.o
 .bss.ucQueueStorageArea.2
                0x8009532c       0x28 ./output/./FreeRTOS/FreeRTOS/Demo/Common/Minimal/StaticAllocation.o
 .bss.uxStackBuffer.3
                0x80095354      0x1e0 ./output/./FreeRTOS/FreeRTOS/Demo/Common/Minimal/StaticAllocation.o
 .bss.uxCreatorTaskStackBuffer
                0x80095534      0x3c0 ./output/./FreeRTOS/FreeRTOS/Demo/Common/Minimal/StaticAllocation.o
 .bss.xCreatorTaskTCBBuffer
                0x800958f4       0x64 ./output/./FreeRTOS/FreeRTOS/Demo/Common/Minimal/StaticAllocation.o
 .bss.ucTempBuffer.5
                0x80095958        0xa ./output/./FreeRTOS/FreeRTOS/Demo/Common/Minimal/StreamBufferDemo.o
 *fill*         0x80095962        0x2 
 .bss.ucBufferStorage
                0x80095964       0x3e ./output/./FreeRTOS/FreeRTOS/Demo/Common/Minimal/StreamBufferDemo.o
 *fill*         0x800959a2        0x2 
 .bss.xStaticStreamBuffers
                0x800959a4       0x50 ./output/./FreeRTOS/FreeRTOS/Demo/Common/Minimal/StreamBufferDemo.o
 .bss.ucAutoReloadTimerCounters
                0x800959f4       0x15 ./output/./FreeRTOS/FreeRTOS/Demo/Common/Minimal/TimerDemo.o
 *fill*         0x80095a09        0x3 
 .bss.xAutoReloadTimers
                0x80095a0c       0x54 ./output/./FreeRTOS/FreeRTOS/Demo/Common/Minimal/TimerDemo.o
 *(.gnu.linkonce.b.*)
 *(COMMON)
                0x80095a60                        . = ALIGN (0x4)
                0x80095a60                        _ebss = .
                0x80095a60                        . = ALIGN (0x8)
                0x80095a60                        _end = .

.stack          0x80095a60     0x2000
                0x80095a60                        . = ALIGN (0x10)
                0x80097a60                        . = (. + 0x2000)
 *fill*         0x80095a60     0x2000 
                0x80097a60                        _stack_top = .
OUTPUT(output/RTOSDemo.elf elf32-littleriscv)

.debug_info     0x00000000    0x22afb
 .debug_info    0x00000000     0x3976 ./output/./FreeRTOS/FreeRTOS/Source/tasks.o
 .debug_info    0x00003976      0x2a6 ./output/./FreeRTOS/FreeRTOS/Source/list.o
 .debug_info    0x00003c1c     0x28c2 ./output/./FreeRTOS/FreeRTOS/Source/queue.o
 .debug_info    0x000064de     0x1b0c ./output/./FreeRTOS/FreeRTOS/Source/timers.o
 .debug_info    0x00007fea      0xe7c ./output/./FreeRTOS/FreeRTOS/Source/event_groups.o
 .debug_info    0x00008e66     0x1b54 ./output/./FreeRTOS/FreeRTOS/Source/stream_buffer.o
 .debug_info    0x0000a9ba      0x70c ./output/./FreeRTOS/FreeRTOS/Source/portable/MemMang/heap_4.o
 .debug_info    0x0000b0c6      0x2ef ./output/./FreeRTOS/FreeRTOS/Source/portable/GCC/RISC-V/port.o
 .debug_info    0x0000b3b5      0x5db ./output/./src/main.o
 .debug_info    0x0000b990      0x178 ./output/./src/ns16550.o
 .debug_info    0x0000bb08      0x1a2 ./output/./src/uart.o
 .debug_info    0x0000bcaa      0xa89 ./output/./src/main_tasks.o
 .debug_info    0x0000c733      0x32b ./output/./src/main_isr.o
 .debug_info    0x0000ca5e      0x4d8 ./output/./src/main_mutex.o
 .debug_info    0x0000cf36      0x6c5 ./output/./src/printf-stdarg.o
 .debug_info    0x0000d5fb      0x3f9 ./output/./src/main_full.o
 .debug_info    0x0000d9f4     0x1696 ./output/./FreeRTOS/FreeRTOS/Demo/Common/Minimal/AbortDelay.o
 .debug_info    0x0000f08a      0x987 ./output/./FreeRTOS/FreeRTOS/Demo/Common/Minimal/blocktim.o
 .debug_info    0x0000fa11      0x64a ./output/./FreeRTOS/FreeRTOS/Demo/Common/Minimal/countsem.o
 .debug_info    0x0001005b      0x91e ./output/./FreeRTOS/FreeRTOS/Demo/Common/Minimal/dynamic.o
 .debug_info    0x00010979     0x1049 ./output/./FreeRTOS/FreeRTOS/Demo/Common/Minimal/EventGroupsDemo.o
 .debug_info    0x000119c2     0x10ab ./output/./FreeRTOS/FreeRTOS/Demo/Common/Minimal/GenQTest.o
 .debug_info    0x00012a6d      0xb0f ./output/./FreeRTOS/FreeRTOS/Demo/Common/Minimal/IntSemTest.o
 .debug_info    0x0001357c      0x7a0 ./output/./FreeRTOS/FreeRTOS/Demo/Common/Minimal/MessageBufferAMP.o
 .debug_info    0x00013d1c     0x1ee0 ./output/./FreeRTOS/FreeRTOS/Demo/Common/Minimal/MessageBufferDemo.o
 .debug_info    0x00015bfc      0x4d7 ./output/./FreeRTOS/FreeRTOS/Demo/Common/Minimal/PollQ.o
 .debug_info    0x000160d3      0x800 ./output/./FreeRTOS/FreeRTOS/Demo/Common/Minimal/QPeek.o
 .debug_info    0x000168d3      0x5fd ./output/./FreeRTOS/FreeRTOS/Demo/Common/Minimal/QueueOverwrite.o
 .debug_info    0x00016ed0     0x13ed ./output/./FreeRTOS/FreeRTOS/Demo/Common/Minimal/QueueSet.o
 .debug_info    0x000182bd      0x44f ./output/./FreeRTOS/FreeRTOS/Demo/Common/Minimal/QueueSetPolling.o
 .debug_info    0x0001870c      0x6fd ./output/./FreeRTOS/FreeRTOS/Demo/Common/Minimal/recmutex.o
 .debug_info    0x00018e09      0x617 ./output/./FreeRTOS/FreeRTOS/Demo/Common/Minimal/semtest.o
 .debug_info    0x00019420     0x1b45 ./output/./FreeRTOS/FreeRTOS/Demo/Common/Minimal/StaticAllocation.o
 .debug_info    0x0001af65     0x2670 ./output/./FreeRTOS/FreeRTOS/Demo/Common/Minimal/StreamBufferDemo.o
 .debug_info    0x0001d5d5      0x4b4 ./output/./FreeRTOS/FreeRTOS/Demo/Common/Minimal/StreamBufferInterrupt.o
 .debug_info    0x0001da89     0x1697 ./output/./FreeRTOS/FreeRTOS/Demo/Common/Minimal/TaskNotify.o
 .debug_info    0x0001f120     0x213f ./output/./FreeRTOS/FreeRTOS/Demo/Common/Minimal/TaskNotifyArray.o
 .debug_info    0x0002125f     0x15ed ./output/./FreeRTOS/FreeRTOS/Demo/Common/Minimal/TimerDemo.o
 .debug_info    0x0002284c       0x23 ./output/./FreeRTOS/FreeRTOS/Source/portable/GCC/RISC-V/portASM.o
 .debug_info    0x0002286f       0x24 ./output/./src/start.o
 .debug_info    0x00022893       0x24 ./output/./src/vector.o
 .debug_info    0x000228b7      0x157 /opt/riscv32/lib/gcc/riscv32-unknown-elf/14.2.0/libgcc.a(_clzsi2.o)
 .debug_info    0x00022a0e       0xed /opt/riscv32/lib/gcc/riscv32-unknown-elf/14.2.0/libgcc.a(_clz.o)

.debug_abbrev   0x00000000     0x5bf3
 .debug_abbrev  0x00000000      0x4dc ./output/./FreeRTOS/FreeRTOS/Source/tasks.o
 .debug_abbrev  0x000004dc      0x111 ./output/./FreeRTOS/FreeRTOS/Source/list.o
 .debug_abbrev  0x000005ed      0x3f7 ./output/./FreeRTOS/FreeRTOS/Source/queue.o
 .debug_abbrev  0x000009e4      0x444 ./output/./FreeRTOS/FreeRTOS/Source/timers.o
 .debug_abbrev  0x00000e28      0x317 ./output/./FreeRTOS/FreeRTOS/Source/event_groups.o
 .debug_abbrev  0x0000113f      0x302 ./output/./FreeRTOS/FreeRTOS/Source/stream_buffer.o
 .debug_abbrev  0x00001441      0x2eb ./output/./FreeRTOS/FreeRTOS/Source/portable/MemMang/heap_4.o
 .debug_abbrev  0x0000172c      0x18d ./output/./FreeRTOS/FreeRTOS/Source/portable/GCC/RISC-V/port.o
 .debug_abbrev  0x000018b9      0x21d ./output/./src/main.o
 .debug_abbrev  0x00001ad6      0x11d ./output/./src/ns16550.o
 .debug_abbrev  0x00001bf3      0x118 ./output/./src/uart.o
 .debug_abbrev  0x00001d0b      0x23a ./output/./src/main_tasks.o
 .debug_abbrev  0x00001f45      0x170 ./output/./src/main_isr.o
 .debug_abbrev  0x000020b5      0x14b ./output/./src/main_mutex.o
 .debug_abbrev  0x00002200      0x268 ./output/./src/printf-stdarg.o
 .debug_abbrev  0x00002468      0x100 ./output/./src/main_full.o
 .debug_abbrev  0x00002568      0x36c ./output/./FreeRTOS/FreeRTOS/Demo/Common/Minimal/AbortDelay.o
 .debug_abbrev  0x000028d4      0x224 ./output/./FreeRTOS/FreeRTOS/Demo/Common/Minimal/blocktim.o
 .debug_abbrev  0x00002af8      0x231 ./output/./FreeRTOS/FreeRTOS/Demo/Common/Minimal/countsem.o
 .debug_abbrev  0x00002d29      0x230 ./output/./FreeRTOS/FreeRTOS/Demo/Common/Minimal/dynamic.o
 .debug_abbrev  0x00002f59      0x2c6 ./output/./FreeRTOS/FreeRTOS/Demo/Common/Minimal/EventGroupsDemo.o
 .debug_abbrev  0x0000321f      0x23b ./output/./FreeRTOS/FreeRTOS/Demo/Common/Minimal/GenQTest.o
 .debug_abbrev  0x0000345a      0x269 ./output/./FreeRTOS/FreeRTOS/Demo/Common/Minimal/IntSemTest.o
 .debug_abbrev  0x000036c3      0x254 ./output/./FreeRTOS/FreeRTOS/Demo/Common/Minimal/MessageBufferAMP.o
 .debug_abbrev  0x00003917      0x2e6 ./output/./FreeRTOS/FreeRTOS/Demo/Common/Minimal/MessageBufferDemo.o
 .debug_abbrev  0x00003bfd      0x170 ./output/./FreeRTOS/FreeRTOS/Demo/Common/Minimal/PollQ.o
 .debug_abbrev  0x00003d6d      0x1c6 ./output/./FreeRTOS/FreeRTOS/Demo/Common/Minimal/QPeek.o
 .debug_abbrev  0x00003f33      0x188 ./output/./FreeRTOS/FreeRTOS/Demo/Common/Minimal/QueueOverwrite.o
 .debug_abbrev  0x000040bb      0x2f3 ./output/./FreeRTOS/FreeRTOS/Demo/Common/Minimal/QueueSet.o
 .debug_abbrev  0x000043ae      0x160 ./output/./FreeRTOS/FreeRTOS/Demo/Common/Minimal/QueueSetPolling.o